Component: Arm Compiler for Embedded 6.19 Tool: armlink [5e73cb00]

==============================================================================

Section Cross References

    startup_stm32f427xx.o(STACK) refers (Special) to heapauxi.o(.text) for __use_two_region_memory
    startup_stm32f427xx.o(HEAP) refers (Special) to heapauxi.o(.text) for __use_two_region_memory
    startup_stm32f427xx.o(RESET) refers (Special) to heapauxi.o(.text) for __use_two_region_memory
    startup_stm32f427xx.o(RESET) refers to startup_stm32f427xx.o(STACK) for __initial_sp
    startup_stm32f427xx.o(RESET) refers to startup_stm32f427xx.o(.text) for Reset_Handler
    startup_stm32f427xx.o(RESET) refers to stm32f4xx_it.o(.text.NMI_Handler) for NMI_Handler
    startup_stm32f427xx.o(RESET) refers to stm32f4xx_it.o(.text.HardFault_Handler) for HardFault_Handler
    startup_stm32f427xx.o(RESET) refers to stm32f4xx_it.o(.text.MemManage_Handler) for MemManage_Handler
    startup_stm32f427xx.o(RESET) refers to stm32f4xx_it.o(.text.BusFault_Handler) for BusFault_Handler
    startup_stm32f427xx.o(RESET) refers to stm32f4xx_it.o(.text.UsageFault_Handler) for UsageFault_Handler
    startup_stm32f427xx.o(RESET) refers to stm32f4xx_it.o(.text.SVC_Handler) for SVC_Handler
    startup_stm32f427xx.o(RESET) refers to stm32f4xx_it.o(.text.DebugMon_Handler) for DebugMon_Handler
    startup_stm32f427xx.o(RESET) refers to stm32f4xx_it.o(.text.PendSV_Handler) for PendSV_Handler
    startup_stm32f427xx.o(RESET) refers to stm32f4xx_it.o(.text.SysTick_Handler) for SysTick_Handler
    startup_stm32f427xx.o(RESET) refers to remote_control.o(.text.USART1_IRQHandler) for USART1_IRQHandler
    startup_stm32f427xx.o(RESET) refers to stm32f4xx_it.o(.text.DMA2_Stream1_IRQHandler) for DMA2_Stream1_IRQHandler
    startup_stm32f427xx.o(RESET) refers to stm32f4xx_it.o(.text.DMA2_Stream2_IRQHandler) for DMA2_Stream2_IRQHandler
    startup_stm32f427xx.o(RESET) refers to stm32f4xx_it.o(.text.DMA2_Stream3_IRQHandler) for DMA2_Stream3_IRQHandler
    startup_stm32f427xx.o(RESET) refers to stm32f4xx_it.o(.text.DMA2_Stream4_IRQHandler) for DMA2_Stream4_IRQHandler
    startup_stm32f427xx.o(RESET) refers to stm32f4xx_it.o(.text.DMA2_Stream5_IRQHandler) for DMA2_Stream5_IRQHandler
    startup_stm32f427xx.o(RESET) refers to stm32f4xx_it.o(.text.DMA2_Stream6_IRQHandler) for DMA2_Stream6_IRQHandler
    startup_stm32f427xx.o(RESET) refers to stm32f4xx_it.o(.text.DMA2_Stream7_IRQHandler) for DMA2_Stream7_IRQHandler
    startup_stm32f427xx.o(.text) refers (Special) to heapauxi.o(.text) for __use_two_region_memory
    startup_stm32f427xx.o(.text) refers to system_stm32f4xx.o(.text.SystemInit) for SystemInit
    startup_stm32f427xx.o(.text) refers to __main.o(!!!main) for __main
    startup_stm32f427xx.o(.text) refers to startup_stm32f427xx.o(HEAP) for Heap_Mem
    startup_stm32f427xx.o(.text) refers to startup_stm32f427xx.o(STACK) for Stack_Mem
    main.o(.text.main) refers to stm32f4xx_hal.o(.text.HAL_Init) for HAL_Init
    main.o(.text.main) refers to main.o(.text.SystemClock_Config) for SystemClock_Config
    main.o(.text.main) refers to gpio.o(.text.MX_GPIO_Init) for MX_GPIO_Init
    main.o(.text.main) refers to dma.o(.text.MX_DMA_Init) for MX_DMA_Init
    main.o(.text.main) refers to tim.o(.text.MX_TIM1_Init) for MX_TIM1_Init
    main.o(.text.main) refers to usart.o(.text.MX_USART1_UART_Init) for MX_USART1_UART_Init
    main.o(.text.main) refers to tim.o(.text.MX_TIM8_Init) for MX_TIM8_Init
    main.o(.text.main) refers to remote_control.o(.text.remote_control_init) for remote_control_init
    main.o(.text.main) refers to remote_control.o(.text.get_RC_ctrl_pointer) for get_RC_ctrl_pointer
    main.o(.text.main) refers to main.o(.bss.RC) for RC
    main.o(.text.main) refers to main.o(.text.Fan_Init) for Fan_Init
    main.o(.text.main) refers to main.o(.text.RC_Behavior_Update) for RC_Behavior_Update
    main.o(.text.main) refers to main.o(.text.Change_Rotate) for Change_Rotate
    main.o(.text.main) refers to main.o(.text.Change_Fan) for Change_Fan
    main.o(.text.main) refers to stm32f4xx_hal.o(.text.HAL_Delay) for HAL_Delay
    main.o(.ARM.exidx.text.main) refers to main.o(.text.main) for [Anonymous Symbol]
    main.o(.text.SystemClock_Config) refers to rt_memclr_w.o(.text) for __aeabi_memclr4
    main.o(.text.SystemClock_Config) refers to stm32f4xx_hal_rcc.o(.text.HAL_RCC_OscConfig) for HAL_RCC_OscConfig
    main.o(.text.SystemClock_Config) refers to main.o(.text.Error_Handler) for Error_Handler
    main.o(.text.SystemClock_Config) refers to stm32f4xx_hal_pwr_ex.o(.text.HAL_PWREx_EnableOverDrive) for HAL_PWREx_EnableOverDrive
    main.o(.text.SystemClock_Config) refers to stm32f4xx_hal_rcc.o(.text.HAL_RCC_ClockConfig) for HAL_RCC_ClockConfig
    main.o(.ARM.exidx.text.SystemClock_Config) refers to main.o(.text.SystemClock_Config) for [Anonymous Symbol]
    main.o(.text.Fan_Init) refers to rgb.o(.text.WS2812_Init) for WS2812_Init
[...]
    ../clib/signal.c                         0x00000000   Number         0  defsig_cppl_inner.o ABSOLUTE
    ../clib/signal.c                         0x00000000   Number         0  defsig_segv_inner.o ABSOLUTE
    ../clib/signal.c                         0x00000000   Number         0  defsig_other.o ABSOLUTE
    ../clib/signal.s                         0x00000000   Number         0  defsig.o ABSOLUTE
    ../clib/stdlib.c                         0x00000000   Number         0  exit.o ABSOLUTE
    ../fplib/fpinit.s                        0x00000000   Number         0  fpinit.o ABSOLUTE
    dc.s                                     0x00000000   Number         0  dc.o ABSOLUTE
    dma.c                                    0x00000000   Number         0  dma.o ABSOLUTE
    gpio.c                                   0x00000000   Number         0  gpio.o ABSOLUTE
    main.c                                   0x00000000   Number         0  main.o ABSOLUTE
    remote_control.c                         0x00000000   Number         0  remote_control.o ABSOLUTE
    rgb.c                                    0x00000000   Number         0  rgb.o ABSOLUTE
    startup_stm32f427xx.s                    0x00000000   Number         0  startup_stm32f427xx.o ABSOLUTE
    stm32f4xx_hal.c                          0x00000000   Number         0  stm32f4xx_hal.o ABSOLUTE
    stm32f4xx_hal_cortex.c                   0x00000000   Number         0  stm32f4xx_hal_cortex.o ABSOLUTE
    stm32f4xx_hal_dma.c                      0x00000000   Number         0  stm32f4xx_hal_dma.o ABSOLUTE
    stm32f4xx_hal_dma_ex.c                   0x00000000   Number         0  stm32f4xx_hal_dma_ex.o ABSOLUTE
    stm32f4xx_hal_exti.c                     0x00000000   Number         0  stm32f4xx_hal_exti.o ABSOLUTE
    stm32f4xx_hal_flash.c                    0x00000000   Number         0  stm32f4xx_hal_flash.o ABSOLUTE
    stm32f4xx_hal_flash_ex.c                 0x00000000   Number         0  stm32f4xx_hal_flash_ex.o ABSOLUTE
    stm32f4xx_hal_flash_ramfunc.c            0x00000000   Number         0  stm32f4xx_hal_flash_ramfunc.o ABSOLUTE
    stm32f4xx_hal_gpio.c                     0x00000000   Number         0  stm32f4xx_hal_gpio.o ABSOLUTE
    stm32f4xx_hal_msp.c                      0x00000000   Number         0  stm32f4xx_hal_msp.o ABSOLUTE
    stm32f4xx_hal_pwr.c                      0x00000000   Number         0  stm32f4xx_hal_pwr.o ABSOLUTE
    stm32f4xx_hal_pwr_ex.c                   0x00000000   Number         0  stm32f4xx_hal_pwr_ex.o ABSOLUTE
    stm32f4xx_hal_rcc.c                      0x00000000   Number         0  stm32f4xx_hal_rcc.o ABSOLUTE
    stm32f4xx_hal_rcc_ex.c                   0x00000000   Number         0  stm32f4xx_hal_rcc_ex.o ABSOLUTE
    stm32f4xx_hal_tim.c                      0x00000000   Number         0  stm32f4xx_hal_tim.o ABSOLUTE
    stm32f4xx_hal_tim_ex.c                   0x00000000   Number         0  stm32f4xx_hal_tim_ex.o ABSOLUTE
    stm32f4xx_hal_uart.c                     0x00000000   Number         0  stm32f4xx_hal_uart.o ABSOLUTE
    stm32f4xx_it.c                           0x00000000   Number         0  stm32f4xx_it.o ABSOLUTE
    system_stm32f4xx.c                       0x00000000   Number         0  system_stm32f4xx.o ABSOLUTE
    tim.c                                    0x00000000   Number         0  tim.o ABSOLUTE
    usart.c                                  0x00000000   Number         0  usart.o ABSOLUTE
    RESET                                    0x08000000   Section      428  startup_stm32f427xx.o(RESET)
    !!!main                                  0x080001ac   Section        8  __main.o(!!!main)
    !!!scatter                               0x080001b4   Section       52  __scatter.o(!!!scatter)
    !!handler_copy                           0x080001e8   Section       26  __scatter_copy.o(!!handler_copy)
    !!handler_zi                             0x08000204   Section       28  __scatter_zi.o(!!handler_zi)
    .ARM.Collect$$libinit$$00000000          0x08000220   Section        2  libinit.o(.ARM.Collect$$libinit$$00000000)
    .ARM.Collect$$libinit$$00000001          0x08000222   Section        4  libinit2.o(.ARM.Collect$$libinit$$00000001)
    .ARM.Collect$$libinit$$00000004          0x08000226   Section        0  libinit2.o(.ARM.Collect$$libinit$$00000004)
    .ARM.Collect$$libinit$$00000006          0x08000226   Section        0  libinit2.o(.ARM.Collect$$libinit$$00000006)
    .ARM.Collect$$libinit$$0000000C          0x08000226   Section        0  libinit2.o(.ARM.Collect$$libinit$$0000000C)
    .ARM.Collect$$libinit$$0000000E          0x08000226   Section        0  libinit2.o(.ARM.Collect$$libinit$$0000000E)
    .ARM.Collect$$libinit$$00000010          0x08000226   Section        0  libinit2.o(.ARM.Collect$$libinit$$00000010)
    .ARM.Collect$$libinit$$00000013          0x08000226   Section        0  libinit2.o(.ARM.Collect$$libinit$$00000013)
    .ARM.Collect$$libinit$$00000015          0x08000226   Section        0  libinit2.o(.ARM.Collect$$libinit$$00000015)
    .ARM.Collect$$libinit$$00000017          0x08000226   Section        0  libinit2.o(.ARM.Collect$$libinit$$00000017)
    .ARM.Collect$$libinit$$00000019          0x08000226   Section        0  libinit2.o(.ARM.Collect$$libinit$$00000019)
    .ARM.Collect$$libinit$$0000001B          0x08000226   Section        0  libinit2.o(.ARM.Collect$$libinit$$0000001B)
    .ARM.Collect$$libinit$$0000001D          0x08000226   Section        0  libinit2.o(.ARM.Collect$$libinit$$0000001D)
    .ARM.Collect$$libinit$$0000001F          0x08000226   Section        0  libinit2.o(.ARM.Collect$$libinit$$0000001F)
    .ARM.Collect$$libinit$$00000021          0x08000226   Section        0  libinit2.o(.ARM.Collect$$libinit$$00000021)
    .ARM.Collect$$libinit$$00000023          0x08000226   Section        0  libinit2.o(.ARM.Collect$$libinit$$00000023)
    .ARM.Collect$$libinit$$00000025          0x08000226   Section        0  libinit2.o(.ARM.Collect$$libinit$$00000025)
    .ARM.Collect$$libinit$$00000027          0x08000226   Section        0  libinit2.o(.ARM.Collect$$libinit$$00000027)
    .ARM.Collect$$libinit$$0000002E          0x08000226   Section        0  libinit2.o(.ARM.Collect$$libinit$$0000002E)
    .ARM.Collect$$libinit$$00000030          0x08000226   Section        0  libinit2.o(.ARM.Collect$$libinit$$00000030)
    .ARM.Collect$$libinit$$00000032          0x08000226   Section        0  libinit2.o(.ARM.Collect$$libinit$$00000032)
    .ARM.Collect$$libinit$$00000034          0x08000226   Section        0  libinit2.o(.ARM.Collect$$libinit$$00000034)
    .ARM.Collect$$libinit$$00000035          0x08000226   Section        2  libinit2.o(.ARM.Collect$$libinit$$00000035)
    .ARM.Collect$$libshutdown$$00000000      0x08000228   Section        2  libshutdown.o(.ARM.Collect$$libshutdown$$00000000)
    .ARM.Collect$$libshutdown$$00000002      0x0800022a   Section        0  libshutdown2.o(.ARM.Collect$$libshutdown$$00000002)
    .ARM.Collect$$libshutdown$$00000004      0x0800022a   Section        0  libshutdown2.o(.ARM.Collect$$libshutdown$$00000004)
    .ARM.Collect$$libshutdown$$00000007      0x0800022a   Section        0  libshutdown2.o(.ARM.Collect$$libshutdown$$00000007)
    .ARM.Collect$$libshutdown$$0000000A      0x0800022a   Section        0  libshutdown2.o(.ARM.Collect$$libshutdown$$0000000A)
    .ARM.Collect$$libshutdown$$0000000C      0x0800022a   Section        0  libshutdown2.o(.ARM.Collect$$libshutdown$$0000000C)
    .ARM.Collect$$libshutdown$$0000000F      0x0800022a   Section        0  libshutdown2.o(.ARM.Collect$$libshutdown$$0000000F)
    .ARM.Collect$$libshutdown$$00000010      0x0800022a   Section        2  libshutdown2.o(.ARM.Collect$$libshutdown$$00000010)
    .ARM.Collect$$rtentry$$00000000          0x0800022c   Section        0  __rtentry.o(.ARM.Collect$$rtentry$$00000000)
    .ARM.Collect$$rtentry$$00000002          0x0800022c   Section        0  __rtentry2.o(.ARM.Collect$$rtentry$$00000002)
    .ARM.Collect$$rtentry$$00000004          0x0800022c   Section        6  __rtentry4.o(.ARM.Collect$$rtentry$$00000004)
    .ARM.Collect$$rtentry$$00000009          0x08000232   Section        0  __rtentry2.o(.ARM.Collect$$rtentry$$00000009)
    .ARM.Collect$$rtentry$$0000000A          0x08000232   Section        4  __rtentry2.o(.ARM.Collect$$rtentry$$0000000A)
    .ARM.Collect$$rtentry$$0000000C          0x08000236   Section        0  __rtentry2.o(.ARM.Collect$$rtentry$$0000000C)
    .ARM.Collect$$rtentry$$0000000D          0x08000236   Section        8  __rtentry2.o(.ARM.Collect$$rtentry$$0000000D)
    .ARM.Collect$$rtexit$$00000000           0x0800023e   Section        2  rtexit.o(.ARM.Collect$$rtexit$$00000000)
    .ARM.Collect$$rtexit$$00000002           0x08000240   Section        0  rtexit2.o(.ARM.Collect$$rtexit$$00000002)
    .ARM.Collect$$rtexit$$00000003           0x08000240   Section        4  rtexit2.o(.ARM.Collect$$rtexit$$00000003)
    .ARM.Collect$$rtexit$$00000004           0x08000244   Section        6  rtexit2.o(.ARM.Collect$$rtexit$$00000004)
    $v0                                      0x0800024c   Number         0  startup_stm32f427xx.o(.text)
    .text                                    0x0800024c   Section       64  startup_stm32f427xx.o(.text)
    .text                                    0x0800028c   Section      240  lludivv7m.o(.text)
    .text                                    0x0800037c   Section      100  rt_memcpy_w.o(.text)
    .text                                    0x080003e0   Section       78  rt_memclr_w.o(.text)
    .text                                    0x0800042e   Section        0  heapauxi.o(.text)
    .text                                    0x08000434   Section       74  sys_stackheap_outer.o(.text)
    .text                                    0x0800047e   Section        0  exit.o(.text)
    .text                                    0x08000490   Section        8  libspace.o(.text)
    .text                                    0x08000498   Section        0  sys_exit.o(.text)
    .text                                    0x080004a4   Section        2  use_no_semi.o(.text)
    .text                                    0x080004a6   Section        0  indicate_semi.o(.text)
    [Anonymous Symbol]                       0x080004a8   Section        0  stm32f4xx_it.o(.text.BusFault_Handler)
    [Anonymous Symbol]                       0x080004ac   Section        0  main.o(.text.Change_Fan)
    [Anonymous Symbol]                       0x080006ac   Section        0  main.o(.text.Change_Rotate)
    [Anonymous Symbol]                       0x08000760   Section        0  stm32f4xx_it.o(.text.DMA2_Stream1_IRQHandler)
    [Anonymous Symbol]                       0x08000770   Section        0  stm32f4xx_it.o(.text.DMA2_Stream2_IRQHandler)
    [Anonymous Symbol]                       0x08000780   Section        0  stm32f4xx_it.o(.text.DMA2_Stream3_IRQHandler)
    [Anonymous Symbol]                       0x08000790   Section        0  stm32f4xx_it.o(.text.DMA2_Stream4_IRQHandler)
    [Anonymous Symbol]                       0x080007a0   Section        0  stm32f4xx_it.o(.text.DMA2_Stream5_IRQHandler)
    [Anonymous Symbol]                       0x080007b0   Section        0  stm32f4xx_it.o(.text.DMA2_Stream6_IRQHandler)
    [Anonymous Symbol]                       0x080007c0   Section        0  stm32f4xx_it.o(.text.DMA2_Stream7_IRQHandler)
    DMA_CalcBaseAndBitshift                  0x080007d1   Thumb Code    86  stm32f4xx_hal_dma.o(.text.DMA_CalcBaseAndBitshift)
    [Anonymous Symbol]                       0x080007d0   Section        0  stm32f4xx_hal_dma.o(.text.DMA_CalcBaseAndBitshift)
    DMA_CheckFifoParam                       0x08000829   Thumb Code   240  stm32f4xx_hal_dma.o(.text.DMA_CheckFifoParam)
    [Anonymous Symbol]                       0x08000828   Section        0  stm32f4xx_hal_dma.o(.text.DMA_CheckFifoParam)
    DMA_SetConfig                            0x08000919   Thumb Code    80  stm32f4xx_hal_dma.o(.text.DMA_SetConfig)
    [Anonymous Symbol]                       0x08000918   Section        0  stm32f4xx_hal_dma.o(.text.DMA_SetConfig)
    [Anonymous Symbol]                       0x08000968   Section        0  stm32f4xx_it.o(.text.DebugMon_Handler)
    [Anonymous Symbol]                       0x0800096c   Section        0  main.o(.text.Error_Handler)
    [Anonymous Symbol]                       0x0800097c   Section        0  main.o(.text.Fan_Init)
    [Anonymous Symbol]                       0x08000a14   Section        0  stm32f4xx_hal_dma.o(.text.HAL_DMA_Abort)
    [Anonymous Symbol]                       0x08000b00   Section        0  stm32f4xx_hal_dma.o(.text.HAL_DMA_Abort_IT)
    [Anonymous Symbol]                       0x08000b44   Section        0  stm32f4xx_hal_dma.o(.text.HAL_DMA_IRQHandler)
    [Anonymous Symbol]                       0x08000e64   Section        0  stm32f4xx_hal_dma.o(.text.HAL_DMA_Init)
    [Anonymous Symbol]                       0x08000fd4   Section        0  stm32f4xx_hal_dma.o(.text.HAL_DMA_Start_IT)
    [Anonymous Symbol]                       0x08001098   Section        0  stm32f4xx_hal.o(.text.HAL_Delay)
    [Anonymous Symbol]                       0x080010dc   Section        0  stm32f4xx_hal_gpio.o(.text.HAL_GPIO_Init)
    [Anonymous Symbol]                       0x080014cc   Section        0  stm32f4xx_hal_gpio.o(.text.HAL_GPIO_WritePin)
    [Anonymous Symbol]                       0x080014fc   Section        0  stm32f4xx_hal.o(.text.HAL_GetTick)
    [Anonymous Symbol]                       0x08001508   Section        0  stm32f4xx_hal.o(.text.HAL_IncTick)
    [Anonymous Symbol]                       0x08001524   Section        0  stm32f4xx_hal.o(.text.HAL_Init)
    [Anonymous Symbol]                       0x0800155c   Section        0  stm32f4xx_hal.o(.text.HAL_InitTick)
    [Anonymous Symbol]                       0x080015cc   Section        0  stm32f4xx_hal_msp.o(.text.HAL_MspInit)
    [Anonymous Symbol]                       0x08001618   Section        0  stm32f4xx_hal_cortex.o(.text.HAL_NVIC_EnableIRQ)
    [Anonymous Symbol]                       0x0800162c   Section        0  stm32f4xx_hal_cortex.o(.text.HAL_NVIC_SetPriority)
    [Anonymous Symbol]                       0x08001660   Section        0  stm32f4xx_hal_cortex.o(.text.HAL_NVIC_SetPriorityGrouping)
    [Anonymous Symbol]                       0x08001670   Section        0  stm32f4xx_hal_pwr_ex.o(.text.HAL_PWREx_EnableOverDrive)
    [Anonymous Symbol]                       0x08001730   Section        0  stm32f4xx_hal_rcc.o(.text.HAL_RCC_ClockConfig)
    [Anonymous Symbol]                       0x08001994   Section        0  stm32f4xx_hal_rcc.o(.text.HAL_RCC_GetHCLKFreq)
    [Anonymous Symbol]                       0x080019a0   Section        0  stm32f4xx_hal_rcc.o(.text.HAL_RCC_GetPCLK1Freq)
    [Anonymous Symbol]                       0x080019c4   Section        0  stm32f4xx_hal_rcc.o(.text.HAL_RCC_GetPCLK2Freq)
    [Anonymous Symbol]                       0x080019e8   Section        0  stm32f4xx_hal_rcc.o(.text.HAL_RCC_GetSysClockFreq)
    [Anonymous Symbol]                       0x08001ad0   Section        0  stm32f4xx_hal_rcc.o(.text.HAL_RCC_OscConfig)
    [Anonymous Symbol]                       0x08002190   Section        0  stm32f4xx_hal_cortex.o(.text.HAL_SYSTICK_Config)
    [Anonymous Symbol]                       0x080021a0   Section        0  stm32f4xx_hal_tim_ex.o(.text.HAL_TIMEx_ConfigBreakDeadTime)
    [Anonymous Symbol]                       0x08002254   Section        0  stm32f4xx_hal_tim_ex.o(.text.HAL_TIMEx_MasterConfigSynchronization)
    [Anonymous Symbol]                       0x08002378   Section        0  stm32f4xx_hal_tim.o(.text.HAL_TIM_Base_Init)
    [Anonymous Symbol]                       0x08002414   Section        0  tim.o(.text.HAL_TIM_Base_MspInit)
    [Anonymous Symbol]                       0x08002720   Section        0  stm32f4xx_hal_tim.o(.text.HAL_TIM_ConfigClockSource)
    [Anonymous Symbol]                       0x080028a4   Section        0  stm32f4xx_hal_tim.o(.text.HAL_TIM_ErrorCallback)
    [Anonymous Symbol]                       0x080028ac   Section        0  tim.o(.text.HAL_TIM_MspPostInit)
    [Anonymous Symbol]                       0x080029bc   Section        0  stm32f4xx_hal_tim.o(.text.HAL_TIM_PWM_ConfigChannel)
    [Anonymous Symbol]                       0x08002b00   Section        0  stm32f4xx_hal_tim.o(.text.HAL_TIM_PWM_Init)
    [Anonymous Symbol]                       0x08002b9c   Section        0  stm32f4xx_hal_tim.o(.text.HAL_TIM_PWM_MspInit)
    [Anonymous Symbol]                       0x08002ba4   Section        0  main.o(.text.HAL_TIM_PWM_PulseFinishedCallback)
    [Anonymous Symbol]                       0x08002bb4   Section        0  stm32f4xx_hal_tim.o(.text.HAL_TIM_PWM_PulseFinishedHalfCpltCallback)
    [Anonymous Symbol]                       0x08002bbc   Section        0  stm32f4xx_hal_tim.o(.text.HAL_TIM_PWM_Start_DMA)
    [Anonymous Symbol]                       0x08002f98   Section        0  stm32f4xx_hal_tim.o(.text.HAL_TIM_PWM_Stop_DMA)
    [Anonymous Symbol]                       0x08003130   Section        0  stm32f4xx_hal_uart.o(.text.HAL_UARTEx_RxEventCallback)
    [Anonymous Symbol]                       0x0800313c   Section        0  stm32f4xx_hal_uart.o(.text.HAL_UART_DMAStop)
    [Anonymous Symbol]                       0x08003208   Section        0  stm32f4xx_hal_uart.o(.text.HAL_UART_ErrorCallback)
    [Anonymous Symbol]                       0x08003210   Section        0  stm32f4xx_hal_uart.o(.text.HAL_UART_Init)
    [Anonymous Symbol]                       0x080032ac   Section        0  usart.o(.text.HAL_UART_MspInit)
    [Anonymous Symbol]                       0x080033a8   Section        0  stm32f4xx_hal_uart.o(.text.HAL_UART_Receive_DMA)
    [Anonymous Symbol]                       0x08003420   Section        0  stm32f4xx_hal_uart.o(.text.HAL_UART_RxCpltCallback)
    [Anonymous Symbol]                       0x08003428   Section        0  stm32f4xx_hal_uart.o(.text.HAL_UART_RxHalfCpltCallback)
    [Anonymous Symbol]                       0x08003430   Section        0  stm32f4xx_it.o(.text.HardFault_Handler)
    [Anonymous Symbol]                       0x08003434   Section        0  dma.o(.text.MX_DMA_Init)
    [Anonymous Symbol]                       0x080034e0   Section        0  gpio.o(.text.MX_GPIO_Init)
    [Anonymous Symbol]                       0x08003754   Section        0  tim.o(.text.MX_TIM1_Init)
    [Anonymous Symbol]                       0x080038bc   Section        0  tim.o(.text.MX_TIM8_Init)
    [Anonymous Symbol]                       0x080039f4   Section        0  usart.o(.text.MX_USART1_UART_Init)
    [Anonymous Symbol]                       0x08003a3c   Section        0  stm32f4xx_it.o(.text.MemManage_Handler)
    [Anonymous Symbol]                       0x08003a40   Section        0  stm32f4xx_it.o(.text.NMI_Handler)
    NVIC_EncodePriority                      0x08003a45   Thumb Code   108  stm32f4xx_hal_cortex.o(.text.NVIC_EncodePriority)
    [Anonymous Symbol]                       0x08003a44   Section        0  stm32f4xx_hal_cortex.o(.text.NVIC_EncodePriority)
    [Anonymous Symbol]                       0x08003ab0   Section        0  stm32f4xx_it.o(.text.PendSV_Handler)
    [Anonymous Symbol]                       0x08003ab4   Section        0  main.o(.text.RC_Behavior_Update)
    [Anonymous Symbol]                       0x08003bf8   Section        0  rgb.o(.text.RGB_WATER)
    [Anonymous Symbol]                       0x0800407c   Section        0  stm32f4xx_it.o(.text.SVC_Handler)
    SysTick_Config                           0x08004081   Thumb Code    82  stm32f4xx_hal_cortex.o(.text.SysTick_Config)
    [Anonymous Symbol]                       0x08004080   Section        0  stm32f4xx_hal_cortex.o(.text.SysTick_Config)
    [Anonymous Symbol]                       0x080040d4   Section        0  stm32f4xx_it.o(.text.SysTick_Handler)
    [Anonymous Symbol]                       0x080040dc   Section        0  main.o(.text.SystemClock_Config)
    [Anonymous Symbol]                       0x080041a8   Section        0  system_stm32f4xx.o(.text.SystemInit)
    [Anonymous Symbol]                       0x080041bc   Section        0  stm32f4xx_hal_tim.o(.text.TIM_Base_SetConfig)
    [Anonymous Symbol]                       0x08004358   Section        0  stm32f4xx_hal_tim.o(.text.TIM_CCxChannelCmd)
    TIM_DMADelayPulseCplt                    0x08004391   Thumb Code   188  stm32f4xx_hal_tim.o(.text.TIM_DMADelayPulseCplt)
    [Anonymous Symbol]                       0x08004390   Section        0  stm32f4xx_hal_tim.o(.text.TIM_DMADelayPulseCplt)
    [Anonymous Symbol]                       0x0800444c   Section        0  stm32f4xx_hal_tim.o(.text.TIM_DMADelayPulseHalfCplt)
    [Anonymous Symbol]                       0x080044c0   Section        0  stm32f4xx_hal_tim.o(.text.TIM_DMAError)
    [Anonymous Symbol]                       0x0800455c   Section        0  stm32f4xx_hal_tim.o(.text.TIM_ETR_SetConfig)
    TIM_ITRx_SetConfig                       0x08004591   Thumb Code    42  stm32f4xx_hal_tim.o(.text.TIM_ITRx_SetConfig)
    [Anonymous Symbol]                       0x08004590   Section        0  stm32f4xx_hal_tim.o(.text.TIM_ITRx_SetConfig)
    TIM_OC1_SetConfig                        0x080045bd   Thumb Code   234  stm32f4xx_hal_tim.o(.text.TIM_OC1_SetConfig)
    [Anonymous Symbol]                       0x080045bc   Section        0  stm32f4xx_hal_tim.o(.text.TIM_OC1_SetConfig)
    [Anonymous Symbol]                       0x080046a8   Section        0  stm32f4xx_hal_tim.o(.text.TIM_OC2_SetConfig)
    TIM_OC3_SetConfig                        0x0800479d   Thumb Code   242  stm32f4xx_hal_tim.o(.text.TIM_OC3_SetConfig)
    [Anonymous Symbol]                       0x0800479c   Section        0  stm32f4xx_hal_tim.o(.text.TIM_OC3_SetConfig)
    TIM_OC4_SetConfig                        0x08004891   Thumb Code   164  stm32f4xx_hal_tim.o(.text.TIM_OC4_SetConfig)
    [Anonymous Symbol]                       0x08004890   Section        0  stm32f4xx_hal_tim.o(.text.TIM_OC4_SetConfig)
    TIM_TI1_ConfigInputStage                 0x08004935   Thumb Code    80  stm32f4xx_hal_tim.o(.text.TIM_TI1_ConfigInputStage)
    [Anonymous Symbol]                       0x08004934   Section        0  stm32f4xx_hal_tim.o(.text.TIM_TI1_ConfigInputStage)
    TIM_TI2_ConfigInputStage                 0x08004985   Thumb Code    82  stm32f4xx_hal_tim.o(.text.TIM_TI2_ConfigInputStage)
    [Anonymous Symbol]                       0x08004984   Section        0  stm32f4xx_hal_tim.o(.text.TIM_TI2_ConfigInputStage)
    UART_DMAError                            0x080049d9   Thumb Code   124  stm32f4xx_hal_uart.o(.text.UART_DMAError)
    [Anonymous Symbol]                       0x080049d8   Section        0  stm32f4xx_hal_uart.o(.text.UART_DMAError)
    UART_DMAReceiveCplt                      0x08004a55   Thumb Code   238  stm32f4xx_hal_uart.o(.text.UART_DMAReceiveCplt)
    [Anonymous Symbol]                       0x08004a54   Section        0  stm32f4xx_hal_uart.o(.text.UART_DMAReceiveCplt)
    UART_DMARxHalfCplt                       0x08004b45   Thumb Code    46  stm32f4xx_hal_uart.o(.text.UART_DMARxHalfCplt)
    [Anonymous Symbol]                       0x08004b44   Section        0  stm32f4xx_hal_uart.o(.text.UART_DMARxHalfCplt)
    UART_EndRxTransfer                       0x08004b75   Thumb Code   148  stm32f4xx_hal_uart.o(.text.UART_EndRxTransfer)
    [Anonymous Symbol]                       0x08004b74   Section        0  stm32f4xx_hal_uart.o(.text.UART_EndRxTransfer)
    UART_EndTxTransfer                       0x08004c09   Thumb Code    54  stm32f4xx_hal_uart.o(.text.UART_EndTxTransfer)
    [Anonymous Symbol]                       0x08004c08   Section        0  stm32f4xx_hal_uart.o(.text.UART_EndTxTransfer)
    UART_SetConfig                           0x08004c41   Thumb Code   314  stm32f4xx_hal_uart.o(.text.UART_SetConfig)
    [Anonymous Symbol]                       0x08004c40   Section        0  stm32f4xx_hal_uart.o(.text.UART_SetConfig)
    [Anonymous Symbol]                       0x08004d7c   Section        0  stm32f4xx_hal_uart.o(.text.UART_Start_Receive_DMA)
    [Anonymous Symbol]                       0x08004e94   Section        0  remote_control.o(.text.USART1_IRQHandler)
    [Anonymous Symbol]                       0x08004ef0   Section        0  stm32f4xx_it.o(.text.UsageFault_Handler)
    [Anonymous Symbol]                       0x08004ef4   Section        0  rgb.o(.text.WS2812_Init)
    [Anonymous Symbol]                       0x08004f8c   Section        0  rgb.o(.text.WS2812_Send)
    [Anonymous Symbol]                       0x08005320   Section        0  rgb.o(.text.WS2812_Start)
    [Anonymous Symbol]                       0x08005458   Section        0  rgb.o(.text.WS2812_uint32ToData)
    __NVIC_EnableIRQ                         0x080054ed   Thumb Code    48  stm32f4xx_hal_cortex.o(.text.__NVIC_EnableIRQ)
    [Anonymous Symbol]                       0x080054ec   Section        0  stm32f4xx_hal_cortex.o(.text.__NVIC_EnableIRQ)
    __NVIC_GetPriorityGrouping               0x0800551d   Thumb Code    16  stm32f4xx_hal_cortex.o(.text.__NVIC_GetPriorityGrouping)
    [Anonymous Symbol]                       0x0800551c   Section        0  stm32f4xx_hal_cortex.o(.text.__NVIC_GetPriorityGrouping)
    __NVIC_SetPriority                       0x0800552d   Thumb Code    66  stm32f4xx_hal_cortex.o(.text.__NVIC_SetPriority)
    [Anonymous Symbol]                       0x0800552c   Section        0  stm32f4xx_hal_cortex.o(.text.__NVIC_SetPriority)
    __NVIC_SetPriorityGrouping               0x08005571   Thumb Code    60  stm32f4xx_hal_cortex.o(.text.__NVIC_SetPriorityGrouping)
    [Anonymous Symbol]                       0x08005570   Section        0  stm32f4xx_hal_cortex.o(.text.__NVIC_SetPriorityGrouping)
    [Anonymous Symbol]                       0x080055ac   Section        0  remote_control.o(.text.get_RC_ctrl_pointer)
    [Anonymous Symbol]                       0x080055b8   Section        0  main.o(.text.main)
    [Anonymous Symbol]                       0x08005608   Section        0  remote_control.o(.text.remote_control_init)
    sbus_to_rc                               0x0800562d   Thumb Code   288  remote_control.o(.text.sbus_to_rc)
    [Anonymous Symbol]                       0x0800562c   Section        0  remote_control.o(.text.sbus_to_rc)
    $v0                                      0x0800574c   Number         0  fpinit.o(x$fpl$fpinit)
    x$fpl$fpinit                             0x0800574c   Section       26  fpinit.o(x$fpl$fpinit)
    DMA_CalcBaseAndBitshift.flagBitshiftOffset 0x0800577e   Data           8  stm32f4xx_hal_dma.o(.rodata.DMA_CalcBaseAndBitshift.flagBitshiftOffset)
    [Anonymous Symbol]                       0x0800577e   Section        0  stm32f4xx_hal_dma.o(.rodata.DMA_CalcBaseAndBitshift.flagBitshiftOffset)
    .bss                                     0x20000010   Section       96  libspace.o(.bss)
    WS2812_Send.ins                          0x20000780   Data           4  rgb.o(.bss.WS2812_Send.ins)
    [Anonymous Symbol]                       0x20000780   Section        0  rgb.o(.bss.WS2812_Send.ins)
    WS2812_Send.j                            0x20000784   Data           4  rgb.o(.bss.WS2812_Send.j)
    [Anonymous Symbol]                       0x20000784   Section        0  rgb.o(.bss.WS2812_Send.j)
    Heap_Mem                                 0x20000c00   Data         512  startup_stm32f427xx.o(HEAP)
    HEAP                                     0x20000c00   Section      512  startup_stm32f427xx.o(HEAP)
    Stack_Mem                                0x20000e00   Data        1024  startup_stm32f427xx.o(STACK)
    STACK                                    0x20000e00   Section     1024  startup_stm32f427xx.o(STACK)
    __initial_sp                             0x20001200   Data           0  startup_stm32f427xx.o(STACK)

    Global Symbols

    Symbol Name                              Value     Ov Type        Size  Object(Section)

    BuildAttributes$$THM_ISAv4$E$P$D$K$B$S$7EM$VFPi3$EXTD16$VFPS$VFMA$PE$A:L22UL41UL21$X:L11$S22US41US21$IEEE1$IW$~IW$USESV6$~STKCKD$USESV7$~SHL$OSPACE$ROPI$EBA8$UX$STANDARDLIB$REQ8$PRES8$EABIv2 0x00000000   Number         0  anon$$obj.o ABSOLUTE
    __ARM_exceptions_init                     - Undefined Weak Reference
    __alloca_initialize                       - Undefined Weak Reference
    __arm_preinit_                            - Undefined Weak Reference
    __arm_relocate_pie_                       - Undefined Weak Reference
    __cpp_initialize__aeabi_                  - Undefined Weak Reference
    __cxa_finalize                            - Undefined Weak Reference
    __rt_locale                               - Undefined Weak Reference
    __sigvec_lookup                           - Undefined Weak Reference
    _atexit_init                              - Undefined Weak Reference
    _call_atexit_fns                          - Undefined Weak Reference
    _clock_init                               - Undefined Weak Reference
    _fp_trap_init                             - Undefined Weak Reference
    _fp_trap_shutdown                         - Undefined Weak Reference
    _get_lc_collate                           - Undefined Weak Reference
    _get_lc_ctype                             - Undefined Weak Reference
    _get_lc_monetary                          - Undefined Weak Reference
    _get_lc_numeric                           - Undefined Weak Reference
    _get_lc_time                              - Undefined Weak Reference
    _getenv_init                              - Undefined Weak Reference
    _handle_redirection                       - Undefined Weak Reference
    _init_alloc                               - Undefined Weak Reference
    _init_user_alloc                          - Undefined Weak Reference
    _initio                                   - Undefined Weak Reference
    _rand_init                                - Undefined Weak Reference
    _signal_finish                            - Undefined Weak Reference
    _signal_init                              - Undefined Weak Reference
    _terminate_alloc                          - Undefined Weak Reference
    _terminate_user_alloc                     - Undefined Weak Reference
    _terminateio                              - Undefined Weak Reference
    __Vectors_Size                           0x000001ac   Number         0  startup_stm32f427xx.o ABSOLUTE
    __Vectors                                0x08000000   Data           4  startup_stm32f427xx.o(RESET)
    __Vectors_End                            0x080001ac   Data           0  startup_stm32f427xx.o(RESET)
    __main                                   0x080001ad   Thumb Code     8  __main.o(!!!main)
    __scatterload                            0x080001b5   Thumb Code     0  __scatter.o(!!!scatter)
    __scatterload_rt2                        0x080001b5   Thumb Code    44  __scatter.o(!!!scatter)
    __scatterload_rt2_thumb_only             0x080001b5   Thumb Code     0  __scatter.o(!!!scatter)
    __scatterload_null                       0x080001c3   Thumb Code     0  __scatter.o(!!!scatter)
    __scatterload_copy                       0x080001e9   Thumb Code    26  __scatter_copy.o(!!handler_copy)
    __scatterload_zeroinit                   0x08000205   Thumb Code    28  __scatter_zi.o(!!handler_zi)
    __rt_lib_init                            0x08000221   Thumb Code     0  libinit.o(.ARM.Collect$$libinit$$00000000)
    __rt_lib_init_fp_1                       0x08000223   Thumb Code     0  libinit2.o(.ARM.Collect$$libinit$$00000001)
    __rt_lib_init_alloca_1                   0x08000227   Thumb Code     0  libinit2.o(.ARM.Collect$$libinit$$00000030)
    __rt_lib_init_argv_1                     0x08000227   Thumb Code     0  libinit2.o(.ARM.Collect$$libinit$$0000002E)
    __rt_lib_init_atexit_1                   0x08000227   Thumb Code     0  libinit2.o(.ARM.Collect$$libinit$$0000001D)
    __rt_lib_init_clock_1                    0x08000227   Thumb Code     0  libinit2.o(.ARM.Collect$$libinit$$00000023)
    __rt_lib_init_cpp_1                      0x08000227   Thumb Code     0  libinit2.o(.ARM.Collect$$libinit$$00000034)
    __rt_lib_init_exceptions_1               0x08000227   Thumb Code     0  libinit2.o(.ARM.Collect$$libinit$$00000032)
    __rt_lib_init_fp_trap_1                  0x08000227   Thumb Code     0  libinit2.o(.ARM.Collect$$libinit$$00000021)
    __rt_lib_init_getenv_1                   0x08000227   Thumb Code     0  libinit2.o(.ARM.Collect$$libinit$$00000025)
    __rt_lib_init_heap_1                     0x08000227   Thumb Code     0  libinit2.o(.ARM.Collect$$libinit$$0000000C)
    __rt_lib_init_lc_collate_1               0x08000227   Thumb Code     0  libinit2.o(.ARM.Collect$$libinit$$00000013)
    __rt_lib_init_lc_ctype_1                 0x08000227   Thumb Code     0  libinit2.o(.ARM.Collect$$libinit$$00000015)
    __rt_lib_init_lc_monetary_1              0x08000227   Thumb Code     0  libinit2.o(.ARM.Collect$$libinit$$00000017)
    __rt_lib_init_lc_numeric_1               0x08000227   Thumb Code     0  libinit2.o(.ARM.Collect$$libinit$$00000019)
    __rt_lib_init_lc_time_1                  0x08000227   Thumb Code     0  libinit2.o(.ARM.Collect$$libinit$$0000001B)
    __rt_lib_init_preinit_1                  0x08000227   Thumb Code     0  libinit2.o(.ARM.Collect$$libinit$$00000006)
    __rt_lib_init_rand_1                     0x08000227   Thumb Code     0  libinit2.o(.ARM.Collect$$libinit$$00000010)
    __rt_lib_init_relocate_pie_1             0x08000227   Thumb Code     0  libinit2.o(.ARM.Collect$$libinit$$00000004)
    __rt_lib_init_return                     0x08000227   Thumb Code     0  libinit2.o(.ARM.Collect$$libinit$$00000035)
    __rt_lib_init_signal_1                   0x08000227   Thumb Code     0  libinit2.o(.ARM.Collect$$libinit$$0000001F)
    __rt_lib_init_stdio_1                    0x08000227   Thumb Code     0  libinit2.o(.ARM.Collect$$libinit$$00000027)
    __rt_lib_init_user_alloc_1               0x08000227   Thumb Code     0  libinit2.o(.ARM.Collect$$libinit$$0000000E)
    __rt_lib_shutdown                        0x08000229   Thumb Code     0  libshutdown.o(.ARM.Collect$$libshutdown$$00000000)
    __rt_lib_shutdown_cpp_1                  0x0800022b   Thumb Code     0  libshutdown2.o(.ARM.Collect$$libshutdown$$00000002)
    __rt_lib_shutdown_fp_trap_1              0x0800022b   Thumb Code     0  libshutdown2.o(.ARM.Collect$$libshutdown$$00000007)
    __rt_lib_shutdown_heap_1                 0x0800022b   Thumb Code     0  libshutdown2.o(.ARM.Collect$$libshutdown$$0000000F)
    __rt_lib_shutdown_return                 0x0800022b   Thumb Code     0  libshutdown2.o(.ARM.Collect$$libshutdown$$00000010)
    __rt_lib_shutdown_signal_1               0x0800022b   Thumb Code     0  libshutdown2.o(.ARM.Collect$$libshutdown$$0000000A)
    __rt_lib_shutdown_stdio_1                0x0800022b   Thumb Code     0  libshutdown2.o(.ARM.Collect$$libshutdown$$00000004)
    __rt_lib_shutdown_user_alloc_1           0x0800022b   Thumb Code     0  libshutdown2.o(.ARM.Collect$$libshutdown$$0000000C)
    __rt_entry                               0x0800022d   Thumb Code     0  __rtentry.o(.ARM.Collect$$rtentry$$00000000)
    __rt_entry_presh_1                       0x0800022d   Thumb Code     0  __rtentry2.o(.ARM.Collect$$rtentry$$00000002)
    __rt_entry_sh                            0x0800022d   Thumb Code     0  __rtentry4.o(.ARM.Collect$$rtentry$$00000004)
    __rt_entry_li                            0x08000233   Thumb Code     0  __rtentry2.o(.ARM.Collect$$rtentry$$0000000A)
    __rt_entry_postsh_1                      0x08000233   Thumb Code     0  __rtentry2.o(.ARM.Collect$$rtentry$$00000009)
    __rt_entry_main                          0x08000237   Thumb Code     0  __rtentry2.o(.ARM.Collect$$rtentry$$0000000D)
    __rt_entry_postli_1                      0x08000237   Thumb Code     0  __rtentry2.o(.ARM.Collect$$rtentry$$0000000C)
    __rt_exit                                0x0800023f   Thumb Code     0  rtexit.o(.ARM.Collect$$rtexit$$00000000)
    __rt_exit_ls                             0x08000241   Thumb Code     0  rtexit2.o(.ARM.Collect$$rtexit$$00000003)
    __rt_exit_prels_1                        0x08000241   Thumb Code     0  rtexit2.o(.ARM.Collect$$rtexit$$00000002)
    __rt_exit_exit                           0x08000245   Thumb Code     0  rtexit2.o(.ARM.Collect$$rtexit$$00000004)
    Reset_Handler                            0x0800024d   Thumb Code     8  startup_stm32f427xx.o(.text)
    ADC_IRQHandler                           0x08000267   Thumb Code     0  startup_stm32f427xx.o(.text)
    CAN1_RX0_IRQHandler                      0x08000267   Thumb Code     0  startup_stm32f427xx.o(.text)
    CAN1_RX1_IRQHandler                      0x08000267   Thumb Code     0  startup_stm32f427xx.o(.text)
    CAN1_SCE_IRQHandler                      0x08000267   Thumb Code     0  startup_stm32f427xx.o(.text)
    CAN1_TX_IRQHandler                       0x08000267   Thumb Code     0  startup_stm32f427xx.o(.text)
    CAN2_RX0_IRQHandler                      0x08000267   Thumb Code     0  startup_stm32f427xx.o(.text)
    CAN2_RX1_IRQHandler                      0x08000267   Thumb Code     0  startup_stm32f427xx.o(.text)
    CAN2_SCE_IRQHandler                      0x08000267   Thumb Code     0  startup_stm32f427xx.o(.text)
    CAN2_TX_IRQHandler                       0x08000267   Thumb Code     0  startup_stm32f427xx.o(.text)
    DCMI_IRQHandler                          0x08000267   Thumb Code     0  startup_stm32f427xx.o(.text)
    DMA1_Stream0_IRQHandler                  0x08000267   Thumb Code     0  startup_stm32f427xx.o(.text)
    DMA1_Stream1_IRQHandler                  0x08000267   Thumb Code     0  startup_stm32f427xx.o(.text)
    DMA1_Stream2_IRQHandler                  0x08000267   Thumb Code     0  startup_stm32f427xx.o(.text)
    DMA1_Stream3_IRQHandler                  0x08000267   Thumb Code     0  startup_stm32f427xx.o(.text)
    DMA1_Stream4_IRQHandler                  0x08000267   Thumb Code     0  startup_stm32f427xx.o(.text)
    DMA1_Stream5_IRQHandler                  0x08000267   Thumb Code     0  startup_stm32f427xx.o(.text)
    DMA1_Stream6_IRQHandler                  0x08000267   Thumb Code     0  startup_stm32f427xx.o(.text)
    DMA1_Stream7_IRQHandler                  0x08000267   Thumb Code     0  startup_stm32f427xx.o(.text)
    DMA2D_IRQHandler                         0x08000267   Thumb Code     0  startup_stm32f427xx.o(.text)
    DMA2_Stream0_IRQHandler                  0x08000267   Thumb Code     0  startup_stm32f427xx.o(.text)
    ETH_IRQHandler                           0x08000267   Thumb Code     0  startup_stm32f427xx.o(.text)
    ETH_WKUP_IRQHandler                      0x08000267   Thumb Code     0  startup_stm32f427xx.o(.text)
    EXTI0_IRQHandler                         0x08000267   Thumb Code     0  startup_stm32f427xx.o(.text)
    EXTI15_10_IRQHandler                     0x08000267   Thumb Code     0  startup_stm32f427xx.o(.text)
    EXTI1_IRQHandler                         0x08000267   Thumb Code     0  startup_stm32f427xx.o(.text)
    EXTI2_IRQHandler                         0x08000267   Thumb Code     0  startup_stm32f427xx.o(.text)
    EXTI3_IRQHandler                         0x08000267   Thumb Code     0  startup_stm32f427xx.o(.text)
    EXTI4_IRQHandler                         0x08000267   Thumb Code     0  startup_stm32f427xx.o(.text)
    EXTI9_5_IRQHandler                       0x08000267   Thumb Code     0  startup_stm32f427xx.o(.text)
    FLASH_IRQHandler                         0x08000267   Thumb Code     0  startup_stm32f427xx.o(.text)
    FMC_IRQHandler                           0x08000267   Thumb Code     0  startup_stm32f427xx.o(.text)
    FPU_IRQHandler                           0x08000267   Thumb Code     0  startup_stm32f427xx.o(.text)
    HASH_RNG_IRQHandler                      0x08000267   Thumb Code     0  startup_stm32f427xx.o(.text)
    I2C1_ER_IRQHandler                       0x08000267   Thumb Code     0  startup_stm32f427xx.o(.text)
    I2C1_EV_IRQHandler                       0x08000267   Thumb Code     0  startup_stm32f427xx.o(.text)
    I2C2_ER_IRQHandler                       0x08000267   Thumb Code     0  startup_stm32f427xx.o(.text)
    I2C2_EV_IRQHandler                       0x08000267   Thumb Code     0  startup_stm32f427xx.o(.text)
    I2C3_ER_IRQHandler                       0x08000267   Thumb Code     0  startup_stm32f427xx.o(.text)
    I2C3_EV_IRQHandler                       0x08000267   Thumb Code     0  startup_stm32f427xx.o(.text)
    OTG_FS_IRQHandler                        0x08000267   Thumb Code     0  startup_stm32f427xx.o(.text)
    OTG_FS_WKUP_IRQHandler                   0x08000267   Thumb Code     0  startup_stm32f427xx.o(.text)
    OTG_HS_EP1_IN_IRQHandler                 0x08000267   Thumb Code     0  startup_stm32f427xx.o(.text)
    OTG_HS_EP1_OUT_IRQHandler                0x08000267   Thumb Code     0  startup_stm32f427xx.o(.text)
    OTG_HS_IRQHandler                        0x08000267   Thumb Code     0  startup_stm32f427xx.o(.text)
    OTG_HS_WKUP_IRQHandler                   0x08000267   Thumb Code     0  startup_stm32f427xx.o(.text)
    PVD_IRQHandler                           0x08000267   Thumb Code     0  startup_stm32f427xx.o(.text)
    RCC_IRQHandler                           0x08000267   Thumb Code     0  startup_stm32f427xx.o(.text)
    RTC_Alarm_IRQHandler                     0x08000267   Thumb Code     0  startup_stm32f427xx.o(.text)
    RTC_WKUP_IRQHandler                      0x08000267   Thumb Code     0  startup_stm32f427xx.o(.text)
    SAI1_IRQHandler                          0x08000267   Thumb Code     0  startup_stm32f427xx.o(.text)
    SDIO_IRQHandler                          0x08000267   Thumb Code     0  startup_stm32f427xx.o(.text)
    SPI1_IRQHandler                          0x08000267   Thumb Code     0  startup_stm32f427xx.o(.text)
    SPI2_IRQHandler                          0x08000267   Thumb Code     0  startup_stm32f427xx.o(.text)
    SPI3_IRQHandler                          0x08000267   Thumb Code     0  startup_stm32f427xx.o(.text)
    SPI4_IRQHandler                          0x08000267   Thumb Code     0  startup_stm32f427xx.o(.text)
    SPI5_IRQHandler                          0x08000267   Thumb Code     0  startup_stm32f427xx.o(.text)
    SPI6_IRQHandler                          0x08000267   Thumb Code     0  startup_stm32f427xx.o(.text)
    TAMP_STAMP_IRQHandler                    0x08000267   Thumb Code     0  startup_stm32f427xx.o(.text)
    TIM1_BRK_TIM9_IRQHandler                 0x08000267   Thumb Code     0  startup_stm32f427xx.o(.text)
    TIM1_CC_IRQHandler                       0x08000267   Thumb Code     0  startup_stm32f427xx.o(.text)
    TIM1_TRG_COM_TIM11_IRQHandler            0x08000267   Thumb Code     0  startup_stm32f427xx.o(.text)
    TIM1_UP_TIM10_IRQHandler                 0x08000267   Thumb Code     0  startup_stm32f427xx.o(.text)
    TIM2_IRQHandler                          0x08000267   Thumb Code     0  startup_stm32f427xx.o(.text)
    TIM3_IRQHandler                          0x08000267   Thumb Code     0  startup_stm32f427xx.o(.text)
    TIM4_IRQHandler                          0x08000267   Thumb Code     0  startup_stm32f427xx.o(.text)
    TIM5_IRQHandler                          0x08000267   Thumb Code     0  startup_stm32f427xx.o(.text)
    TIM6_DAC_IRQHandler                      0x08000267   Thumb Code     0  startup_stm32f427xx.o(.text)
    TIM7_IRQHandler                          0x08000267   Thumb Code     0  startup_stm32f427xx.o(.text)
    TIM8_BRK_TIM12_IRQHandler                0x08000267   Thumb Code     0  startup_stm32f427xx.o(.text)
    TIM8_CC_IRQHandler                       0x08000267   Thumb Code     0  startup_stm32f427xx.o(.text)
    TIM8_TRG_COM_TIM14_IRQHandler            0x08000267   Thumb Code     0  startup_stm32f427xx.o(.text)
    TIM8_UP_TIM13_IRQHandler                 0x08000267   Thumb Code     0  startup_stm32f427xx.o(.text)
    UART4_IRQHandler                         0x08000267   Thumb Code     0  startup_stm32f427xx.o(.text)
    UART5_IRQHandler                         0x08000267   Thumb Code     0  startup_stm32f427xx.o(.text)
    UART7_IRQHandler                         0x08000267   Thumb Code     0  startup_stm32f427xx.o(.text)
    UART8_IRQHandler                         0x08000267   Thumb Code     0  startup_stm32f427xx.o(.text)
    USART2_IRQHandler                        0x08000267   Thumb Code     0  startup_stm32f427xx.o(.text)
    USART3_IRQHandler                        0x08000267   Thumb Code     0  startup_stm32f427xx.o(.text)
    USART6_IRQHandler                        0x08000267   Thumb Code     0  startup_stm32f427xx.o(.text)
    WWDG_IRQHandler                          0x08000267   Thumb Code     0  startup_stm32f427xx.o(.text)
    __user_initial_stackheap                 0x08000269   Thumb Code     0  startup_stm32f427xx.o(.text)
    __aeabi_uldivmod                         0x0800028d   Thumb Code     0  lludivv7m.o(.text)
    _ll_udiv                                 0x0800028d   Thumb Code   240  lludivv7m.o(.text)
    __aeabi_memcpy4                          0x0800037d   Thumb Code     0  rt_memcpy_w.o(.text)
    __aeabi_memcpy8                          0x0800037d   Thumb Code     0  rt_memcpy_w.o(.text)
    __rt_memcpy_w                            0x0800037d   Thumb Code   100  rt_memcpy_w.o(.text)
    _memcpy_lastbytes_aligned                0x080003c5   Thumb Code     0  rt_memcpy_w.o(.text)
    __aeabi_memclr4                          0x080003e1   Thumb Code     0  rt_memclr_w.o(.text)
    __aeabi_memclr8                          0x080003e1   Thumb Code     0  rt_memclr_w.o(.text)
    __rt_memclr_w                            0x080003e1   Thumb Code     0  rt_memclr_w.o(.text)
    _memset_w                                0x080003e5   Thumb Code    74  rt_memclr_w.o(.text)
    __use_two_region_memory                  0x0800042f   Thumb Code     2  heapauxi.o(.text)
    __rt_heap_escrow$2region                 0x08000431   Thumb Code     2  heapauxi.o(.text)
    __rt_heap_expand$2region                 0x08000433   Thumb Code     2  heapauxi.o(.text)
    __user_setup_stackheap                   0x08000435   Thumb Code    74  sys_stackheap_outer.o(.text)
    exit                                     0x0800047f   Thumb Code    18  exit.o(.text)
    __user_libspace                          0x08000491   Thumb Code     8  libspace.o(.text)
    __user_perproc_libspace                  0x08000491   Thumb Code     0  libspace.o(.text)
    __user_perthread_libspace                0x08000491   Thumb Code     0  libspace.o(.text)
    _sys_exit                                0x08000499   Thumb Code     8  sys_exit.o(.text)
    __I$use$semihosting                      0x080004a5   Thumb Code     0  use_no_semi.o(.text)
    __use_no_semihosting_swi                 0x080004a5   Thumb Code     2  use_no_semi.o(.text)
    __semihosting_library_function           0x080004a7   Thumb Code     0  indicate_semi.o(.text)
    BusFault_Handler                         0x080004a9   Thumb Code     4  stm32f4xx_it.o(.text.BusFault_Handler)
    Change_Fan                               0x080004ad   Thumb Code   510  main.o(.text.Change_Fan)
    Change_Rotate                            0x080006ad   Thumb Code   178  main.o(.text.Change_Rotate)
    DMA2_Stream1_IRQHandler                  0x08000761   Thumb Code    16  stm32f4xx_it.o(.text.DMA2_Stream1_IRQHandler)
    DMA2_Stream2_IRQHandler                  0x08000771   Thumb Code    16  stm32f4xx_it.o(.text.DMA2_Stream2_IRQHandler)
    DMA2_Stream3_IRQHandler                  0x08000781   Thumb Code    16  stm32f4xx_it.o(.text.DMA2_Stream3_IRQHandler)
    DMA2_Stream4_IRQHandler                  0x08000791   Thumb Code    16  stm32f4xx_it.o(.text.DMA2_Stream4_IRQHandler)
    DMA2_Stream5_IRQHandler                  0x080007a1   Thumb Code    16  stm32f4xx_it.o(.text.DMA2_Stream5_IRQHandler)
    DMA2_Stream6_IRQHandler                  0x080007b1   Thumb Code    16  stm32f4xx_it.o(.text.DMA2_Stream6_IRQHandler)
    DMA2_Stream7_IRQHandler                  0x080007c1   Thumb Code    16  stm32f4xx_it.o(.text.DMA2_Stream7_IRQHandler)
    DebugMon_Handler                         0x08000969   Thumb Code     2  stm32f4xx_it.o(.text.DebugMon_Handler)
    Error_Handler                            0x0800096d   Thumb Code    14  main.o(.text.Error_Handler)
    Fan_Init                                 0x0800097d   Thumb Code   152  main.o(.text.Fan_Init)
    HAL_DMA_Abort                            0x08000a15   Thumb Code   236  stm32f4xx_hal_dma.o(.text.HAL_DMA_Abort)
    HAL_DMA_Abort_IT                         0x08000b01   Thumb Code    68  stm32f4xx_hal_dma.o(.text.HAL_DMA_Abort_IT)
    HAL_DMA_IRQHandler                       0x08000b45   Thumb Code   798  stm32f4xx_hal_dma.o(.text.HAL_DMA_IRQHandler)
    HAL_DMA_Init                             0x08000e65   Thumb Code   366  stm32f4xx_hal_dma.o(.text.HAL_DMA_Init)
    HAL_DMA_Start_IT                         0x08000fd5   Thumb Code   194  stm32f4xx_hal_dma.o(.text.HAL_DMA_Start_IT)
    HAL_Delay                                0x08001099   Thumb Code    66  stm32f4xx_hal.o(.text.HAL_Delay)
    HAL_GPIO_Init                            0x080010dd   Thumb Code  1006  stm32f4xx_hal_gpio.o(.text.HAL_GPIO_Init)
    HAL_GPIO_WritePin                        0x080014cd   Thumb Code    46  stm32f4xx_hal_gpio.o(.text.HAL_GPIO_WritePin)
    HAL_GetTick                              0x080014fd   Thumb Code    12  stm32f4xx_hal.o(.text.HAL_GetTick)
    HAL_IncTick                              0x08001509   Thumb Code    26  stm32f4xx_hal.o(.text.HAL_IncTick)
    HAL_Init                                 0x08001525   Thumb Code    54  stm32f4xx_hal.o(.text.HAL_Init)
    HAL_InitTick                             0x0800155d   Thumb Code   112  stm32f4xx_hal.o(.text.HAL_InitTick)
    HAL_MspInit                              0x080015cd   Thumb Code    74  stm32f4xx_hal_msp.o(.text.HAL_MspInit)
    HAL_NVIC_EnableIRQ                       0x08001619   Thumb Code    20  stm32f4xx_hal_cortex.o(.text.HAL_NVIC_EnableIRQ)
    HAL_NVIC_SetPriority                     0x0800162d   Thumb Code    50  stm32f4xx_hal_cortex.o(.text.HAL_NVIC_SetPriority)
    HAL_NVIC_SetPriorityGrouping             0x08001661   Thumb Code    16  stm32f4xx_hal_cortex.o(.text.HAL_NVIC_SetPriorityGrouping)
    HAL_PWREx_EnableOverDrive                0x08001671   Thumb Code   190  stm32f4xx_hal_pwr_ex.o(.text.HAL_PWREx_EnableOverDrive)
    HAL_RCC_ClockConfig                      0x08001731   Thumb Code   610  stm32f4xx_hal_rcc.o(.text.HAL_RCC_ClockConfig)
    HAL_RCC_GetHCLKFreq                      0x08001995   Thumb Code    12  stm32f4xx_hal_rcc.o(.text.HAL_RCC_GetHCLKFreq)
    HAL_RCC_GetPCLK1Freq                     0x080019a1   Thumb Code    34  stm32f4xx_hal_rcc.o(.text.HAL_RCC_GetPCLK1Freq)
    HAL_RCC_GetPCLK2Freq                     0x080019c5   Thumb Code    34  stm32f4xx_hal_rcc.o(.text.HAL_RCC_GetPCLK2Freq)
    HAL_RCC_GetSysClockFreq                  0x080019e9   Thumb Code   230  stm32f4xx_hal_rcc.o(.text.HAL_RCC_GetSysClockFreq)
    HAL_RCC_OscConfig                        0x08001ad1   Thumb Code  1726  stm32f4xx_hal_rcc.o(.text.HAL_RCC_OscConfig)
    HAL_SYSTICK_Config                       0x08002191   Thumb Code    16  stm32f4xx_hal_cortex.o(.text.HAL_SYSTICK_Config)
    HAL_TIMEx_ConfigBreakDeadTime            0x080021a1   Thumb Code   178  stm32f4xx_hal_tim_ex.o(.text.HAL_TIMEx_ConfigBreakDeadTime)
    HAL_TIMEx_MasterConfigSynchronization    0x08002255   Thumb Code   290  stm32f4xx_hal_tim_ex.o(.text.HAL_TIMEx_MasterConfigSynchronization)
    HAL_TIM_Base_Init                        0x08002379   Thumb Code   156  stm32f4xx_hal_tim.o(.text.HAL_TIM_Base_Init)
    HAL_TIM_Base_MspInit                     0x08002415   Thumb Code   778  tim.o(.text.HAL_TIM_Base_MspInit)
    HAL_TIM_ConfigClockSource                0x08002721   Thumb Code   388  stm32f4xx_hal_tim.o(.text.HAL_TIM_ConfigClockSource)
    HAL_TIM_ErrorCallback                    0x080028a5   Thumb Code     8  stm32f4xx_hal_tim.o(.text.HAL_TIM_ErrorCallback)
    HAL_TIM_MspPostInit                      0x080028ad   Thumb Code   272  tim.o(.text.HAL_TIM_MspPostInit)
    HAL_TIM_PWM_ConfigChannel                0x080029bd   Thumb Code   322  stm32f4xx_hal_tim.o(.text.HAL_TIM_PWM_ConfigChannel)
    HAL_TIM_PWM_Init                         0x08002b01   Thumb Code   156  stm32f4xx_hal_tim.o(.text.HAL_TIM_PWM_Init)
    HAL_TIM_PWM_MspInit                      0x08002b9d   Thumb Code     8  stm32f4xx_hal_tim.o(.text.HAL_TIM_PWM_MspInit)
    HAL_TIM_PWM_PulseFinishedCallback        0x08002ba5   Thumb Code    14  main.o(.text.HAL_TIM_PWM_PulseFinishedCallback)
    HAL_TIM_PWM_PulseFinishedHalfCpltCallback 0x08002bb5   Thumb Code     8  stm32f4xx_hal_tim.o(.text.HAL_TIM_PWM_PulseFinishedHalfCpltCallback)
    HAL_TIM_PWM_Start_DMA                    0x08002bbd   Thumb Code   986  stm32f4xx_hal_tim.o(.text.HAL_TIM_PWM_Start_DMA)
    HAL_TIM_PWM_Stop_DMA                     0x08002f99   Thumb Code   406  stm32f4xx_hal_tim.o(.text.HAL_TIM_PWM_Stop_DMA)
    HAL_UARTEx_RxEventCallback               0x08003131   Thumb Code    12  stm32f4xx_hal_uart.o(.text.HAL_UARTEx_RxEventCallback)
    HAL_UART_DMAStop                         0x0800313d   Thumb Code   204  stm32f4xx_hal_uart.o(.text.HAL_UART_DMAStop)
    HAL_UART_ErrorCallback                   0x08003209   Thumb Code     8  stm32f4xx_hal_uart.o(.text.HAL_UART_ErrorCallback)
    HAL_UART_Init                            0x08003211   Thumb Code   154  stm32f4xx_hal_uart.o(.text.HAL_UART_Init)
    HAL_UART_MspInit                         0x080032ad   Thumb Code   250  usart.o(.text.HAL_UART_MspInit)
    HAL_UART_Receive_DMA                     0x080033a9   Thumb Code   120  stm32f4xx_hal_uart.o(.text.HAL_UART_Receive_DMA)
    HAL_UART_RxCpltCallback                  0x08003421   Thumb Code     8  stm32f4xx_hal_uart.o(.text.HAL_UART_RxCpltCallback)
    HAL_UART_RxHalfCpltCallback              0x08003429   Thumb Code     8  stm32f4xx_hal_uart.o(.text.HAL_UART_RxHalfCpltCallback)
    HardFault_Handler                        0x08003431   Thumb Code     4  stm32f4xx_it.o(.text.HardFault_Handler)
    MX_DMA_Init                              0x08003435   Thumb Code   170  dma.o(.text.MX_DMA_Init)
    MX_GPIO_Init                             0x080034e1   Thumb Code   626  gpio.o(.text.MX_GPIO_Init)
    MX_TIM1_Init                             0x08003755   Thumb Code   358  tim.o(.text.MX_TIM1_Init)
    MX_TIM8_Init                             0x080038bd   Thumb Code   310  tim.o(.text.MX_TIM8_Init)
    MX_USART1_UART_Init                      0x080039f5   Thumb Code    72  usart.o(.text.MX_USART1_UART_Init)
    MemManage_Handler                        0x08003a3d   Thumb Code     4  stm32f4xx_it.o(.text.MemManage_Handler)
    NMI_Handler                              0x08003a41   Thumb Code     4  stm32f4xx_it.o(.text.NMI_Handler)
    PendSV_Handler                           0x08003ab1   Thumb Code     2  stm32f4xx_it.o(.text.PendSV_Handler)
    RC_Behavior_Update                       0x08003ab5   Thumb Code   324  main.o(.text.RC_Behavior_Update)
    RGB_WATER                                0x08003bf9   Thumb Code  1156  rgb.o(.text.RGB_WATER)
    SVC_Handler                              0x0800407d   Thumb Code     2  stm32f4xx_it.o(.text.SVC_Handler)
    SysTick_Handler                          0x080040d5   Thumb Code     8  stm32f4xx_it.o(.text.SysTick_Handler)
    SystemClock_Config                       0x080040dd   Thumb Code   202  main.o(.text.SystemClock_Config)
    SystemInit                               0x080041a9   Thumb Code    18  system_stm32f4xx.o(.text.SystemInit)
    TIM_Base_SetConfig                       0x080041bd   Thumb Code   410  stm32f4xx_hal_tim.o(.text.TIM_Base_SetConfig)
    TIM_CCxChannelCmd                        0x08004359   Thumb Code    54  stm32f4xx_hal_tim.o(.text.TIM_CCxChannelCmd)
    TIM_DMADelayPulseHalfCplt                0x0800444d   Thumb Code   116  stm32f4xx_hal_tim.o(.text.TIM_DMADelayPulseHalfCplt)
    TIM_DMAError                             0x080044c1   Thumb Code   154  stm32f4xx_hal_tim.o(.text.TIM_DMAError)
    TIM_ETR_SetConfig                        0x0800455d   Thumb Code    52  stm32f4xx_hal_tim.o(.text.TIM_ETR_SetConfig)
    TIM_OC2_SetConfig                        0x080046a9   Thumb Code   244  stm32f4xx_hal_tim.o(.text.TIM_OC2_SetConfig)
    UART_Start_Receive_DMA                   0x08004d7d   Thumb Code   280  stm32f4xx_hal_uart.o(.text.UART_Start_Receive_DMA)
    USART1_IRQHandler                        0x08004e95   Thumb Code    90  remote_control.o(.text.USART1_IRQHandler)
    UsageFault_Handler                       0x08004ef1   Thumb Code     4  stm32f4xx_it.o(.text.UsageFault_Handler)
    WS2812_Init                              0x08004ef5   Thumb Code   150  rgb.o(.text.WS2812_Init)
    WS2812_Send                              0x08004f8d   Thumb Code   916  rgb.o(.text.WS2812_Send)
    WS2812_Start                             0x08005321   Thumb Code   310  rgb.o(.text.WS2812_Start)
    WS2812_uint32ToData                      0x08005459   Thumb Code   148  rgb.o(.text.WS2812_uint32ToData)
    get_RC_ctrl_pointer                      0x080055ad   Thumb Code    10  remote_control.o(.text.get_RC_ctrl_pointer)
    main                                     0x080055b9   Thumb Code    80  main.o(.text.main)
    remote_control_init                      0x08005609   Thumb Code    36  remote_control.o(.text.remote_control_init)
    _fp_init                                 0x0800574d   Thumb Code    26  fpinit.o(x$fpl$fpinit)
    __fplib_config_fpu_vfp                   0x08005765   Thumb Code     0  fpinit.o(x$fpl$fpinit)
    __fplib_config_pureend_doubles           0x08005765   Thumb Code     0  fpinit.o(x$fpl$fpinit)
    AHBPrescTable                            0x08005766   Data          16  system_stm32f4xx.o(.rodata.AHBPrescTable)
    APBPrescTable                            0x08005776   Data           8  system_stm32f4xx.o(.rodata.APBPrescTable)
    WS2812_Rst                               0x08005788   Data        2000  rgb.o(.rodata.WS2812_Rst)
    Region$$Table$$Base                      0x08005f58   Number         0  anon$$obj.o(Region$$Table)
    Region$$Table$$Limit                     0x08005f78   Number         0  anon$$obj.o(Region$$Table)
    Fan_ID                                   0x20000000   Data           1  main.o(.data.Fan_ID)
    SystemCoreClock                          0x20000004   Data           4  system_stm32f4xx.o(.data.SystemCoreClock)
    last_rc_s_1                              0x20000008   Data           1  main.o(.data.last_rc_s_1)
    uwTickFreq                               0x20000009   Data           1  stm32f4xx_hal.o(.data.uwTickFreq)
    uwTickPrio                               0x2000000c   Data           4  stm32f4xx_hal.o(.data.uwTickPrio)
    __libspace_start                         0x20000010   Data          96  libspace.o(.bss)
    Fan_status                               0x20000070   Data           5  main.o(.bss.Fan_status)
    __temporary_stack_top$libspace           0x20000070   Data           0  libspace.o(.bss)
    RC                                       0x20000078   Data           4  main.o(.bss.RC)
    WS2812_Data                              0x2000007c   Data        1792  rgb.o(.bss.WS2812_Data)
    WS2812_En                                0x2000077c   Data           4  rgb.o(.bss.WS2812_En)
    WS2812_SendBuf0                          0x20000788   Data         100  rgb.o(.bss.WS2812_SendBuf0)
    WS2812_SendBuf1                          0x200007ec   Data         100  rgb.o(.bss.WS2812_SendBuf1)
    change_mode                              0x20000850   Data           1  main.o(.bss.change_mode)
    hdma_tim1_ch1                            0x20000854   Data          96  tim.o(.bss.hdma_tim1_ch1)
    hdma_tim1_ch2                            0x200008b4   Data          96  tim.o(.bss.hdma_tim1_ch2)
    hdma_tim1_ch3                            0x20000914   Data          96  tim.o(.bss.hdma_tim1_ch3)
    hdma_tim1_ch4_trig_com                   0x20000974   Data          96  tim.o(.bss.hdma_tim1_ch4_trig_com)
    hdma_tim8_ch2                            0x200009d4   Data          96  tim.o(.bss.hdma_tim8_ch2)
    hdma_tim8_ch4_trig_com                   0x20000a34   Data          96  tim.o(.bss.hdma_tim8_ch4_trig_com)
    hdma_usart1_rx                           0x20000a94   Data          96  usart.o(.bss.hdma_usart1_rx)
    htim1                                    0x20000af4   Data          72  tim.o(.bss.htim1)
    htim8                                    0x20000b3c   Data          72  tim.o(.bss.htim8)
    huart1                                   0x20000b84   Data          68  usart.o(.bss.huart1)
    is_light                                 0x20000bc8   Data           5  main.o(.bss.is_light)
    rc_ctrl                                  0x20000bce   Data          22  remote_control.o(.bss.rc_ctrl)
    rotate_mode                              0x20000be4   Data           1  main.o(.bss.rotate_mode)
    sbus_rx_buffer                           0x20000be5   Data          18  remote_control.o(.bss.sbus_rx_buffer)
    uwTick                                   0x20000bf8   Data           4  stm32f4xx_hal.o(.bss.uwTick)



==============================================================================

Memory Map of the image

  Image Entry point : 0x080001ad

  Load Region LR_IROM1 (Base: 0x08000000, Size: 0x00005f88, Max: 0x00200000, ABSOLUTE)

    Execution Region ER_IROM1 (Exec base: 0x08000000, Load base: 0x08000000, Size: 0x00005f78, Max: 0x00200000, ABSOLUTE)

    Exec Addr    Load Addr    Size         Type   Attr      Idx    E Section Name        Object

    0x08000000   0x08000000   0x000001ac   Data   RO            3    RESET               startup_stm32f427xx.o
    0x080001ac   0x080001ac   0x00000008   Code   RO         1138  * !!!main             c_w.l(__main.o)
    0x080001b4   0x080001b4   0x00000034   Code   RO         1313    !!!scatter          c_w.l(__scatter.o)
    0x080001e8   0x080001e8   0x0000001a   Code   RO         1315    !!handler_copy      c_w.l(__scatter_copy.o)
    0x08000202   0x08000202   0x00000002   PAD
    0x08000204   0x08000204   0x0000001c   Code   RO         1317    !!handler_zi        c_w.l(__scatter_zi.o)
    0x08000220   0x08000220   0x00000002   Code   RO         1175    .ARM.Collect$$libinit$$00000000  c_w.l(libinit.o)
    0x08000222   0x08000222   0x00000004   Code   RO         1187    .ARM.Collect$$libinit$$00000001  c_w.l(libinit2.o)
    0x08000226   0x08000226   0x00000000   Code   RO         1190    .ARM.Collect$$libinit$$00000004  c_w.l(libinit2.o)
    0x08000226   0x08000226   0x00000000   Code   RO         1192    .ARM.Collect$$libinit$$00000006  c_w.l(libinit2.o)
    0x08000226   0x08000226   0x00000000   Code   RO         1195    .ARM.Collect$$libinit$$0000000C  c_w.l(libinit2.o)
    0x08000226   0x08000226   0x00000000   Code   RO         1197    .ARM.Collect$$libinit$$0000000E  c_w.l(libinit2.o)
    0x08000226   0x08000226   0x00000000   Code   RO         1199    .ARM.Collect$$libinit$$00000010  c_w.l(libinit2.o)
    0x08000226   0x08000226   0x00000000   Code   RO         1202    .ARM.Collect$$libinit$$00000013  c_w.l(libinit2.o)
    0x08000226   0x08000226   0x00000000   Code   RO         1204    .ARM.Collect$$libinit$$00000015  c_w.l(libinit2.o)
    0x08000226   0x08000226   0x00000000   Code   RO         1206    .ARM.Collect$$libinit$$00000017  c_w.l(libinit2.o)
    0x08000226   0x08000226   0x00000000   Code   RO         1208    .ARM.Collect$$libinit$$00000019  c_w.l(libinit2.o)
    0x08000226   0x08000226   0x00000000   Code   RO         1210    .ARM.Collect$$libinit$$0000001B  c_w.l(libinit2.o)
    0x08000226   0x08000226   0x00000000   Code   RO         1212    .ARM.Collect$$libinit$$0000001D  c_w.l(libinit2.o)
    0x08000226   0x08000226   0x00000000   Code   RO         1214    .ARM.Collect$$libinit$$0000001F  c_w.l(libinit2.o)
    0x08000226   0x08000226   0x00000000   Code   RO         1216    .ARM.Collect$$libinit$$00000021  c_w.l(libinit2.o)
    0x08000226   0x08000226   0x00000000   Code   RO         1218    .ARM.Collect$$libinit$$00000023  c_w.l(libinit2.o)
    0x08000226   0x08000226   0x00000000   Code   RO         1220    .ARM.Collect$$libinit$$00000025  c_w.l(libinit2.o)
    0x08000226   0x08000226   0x00000000   Code   RO         1222    .ARM.Collect$$libinit$$00000027  c_w.l(libinit2.o)
    0x08000226   0x08000226   0x00000000   Code   RO         1226    .ARM.Collect$$libinit$$0000002E  c_w.l(libinit2.o)
    0x08000226   0x08000226   0x00000000   Code   RO         1228    .ARM.Collect$$libinit$$00000030  c_w.l(libinit2.o)
    0x08000226   0x08000226   0x00000000   Code   RO         1230    .ARM.Collect$$libinit$$00000032  c_w.l(libinit2.o)
    0x08000226   0x08000226   0x00000000   Code   RO         1232    .ARM.Collect$$libinit$$00000034  c_w.l(libinit2.o)
    0x08000226   0x08000226   0x00000002   Code   RO         1233    .ARM.Collect$$libinit$$00000035  c_w.l(libinit2.o)
    0x08000228   0x08000228   0x00000002   Code   RO         1268    .ARM.Collect$$libshutdown$$00000000  c_w.l(libshutdown.o)
    0x0800022a   0x0800022a   0x00000000   Code   RO         1296    .ARM.Collect$$libshutdown$$00000002  c_w.l(libshutdown2.o)
    0x0800022a   0x0800022a   0x00000000   Code   RO         1298    .ARM.Collect$$libshutdown$$00000004  c_w.l(libshutdown2.o)
    0x0800022a   0x0800022a   0x00000000   Code   RO         1301    .ARM.Collect$$libshutdown$$00000007  c_w.l(libshutdown2.o)
    0x0800022a   0x0800022a   0x00000000   Code   RO         1304    .ARM.Collect$$libshutdown$$0000000A  c_w.l(libshutdown2.o)
    0x0800022a   0x0800022a   0x00000000   Code   RO         1306    .ARM.Collect$$libshutdown$$0000000C  c_w.l(libshutdown2.o)
    0x0800022a   0x0800022a   0x00000000   Code   RO         1309    .ARM.Collect$$libshutdown$$0000000F  c_w.l(libshutdown2.o)
    0x0800022a   0x0800022a   0x00000002   Code   RO         1310    .ARM.Collect$$libshutdown$$00000010  c_w.l(libshutdown2.o)
    0x0800022c   0x0800022c   0x00000000   Code   RO         1140    .ARM.Collect$$rtentry$$00000000  c_w.l(__rtentry.o)
    0x0800022c   0x0800022c   0x00000000   Code   RO         1146    .ARM.Collect$$rtentry$$00000002  c_w.l(__rtentry2.o)
    0x0800022c   0x0800022c   0x00000006   Code   RO         1158    .ARM.Collect$$rtentry$$00000004  c_w.l(__rtentry4.o)
    0x08000232   0x08000232   0x00000000   Code   RO         1148    .ARM.Collect$$rtentry$$00000009  c_w.l(__rtentry2.o)
    0x08000232   0x08000232   0x00000004   Code   RO         1149    .ARM.Collect$$rtentry$$0000000A  c_w.l(__rtentry2.o)
    0x08000236   0x08000236   0x00000000   Code   RO         1151    .ARM.Collect$$rtentry$$0000000C  c_w.l(__rtentry2.o)
    0x08000236   0x08000236   0x00000008   Code   RO         1152    .ARM.Collect$$rtentry$$0000000D  c_w.l(__rtentry2.o)
    0x0800023e   0x0800023e   0x00000002   Code   RO         1179    .ARM.Collect$$rtexit$$00000000  c_w.l(rtexit.o)
    0x08000240   0x08000240   0x00000000   Code   RO         1239    .ARM.Collect$$rtexit$$00000002  c_w.l(rtexit2.o)
    0x08000240   0x08000240   0x00000004   Code   RO         1240    .ARM.Collect$$rtexit$$00000003  c_w.l(rtexit2.o)
    0x08000244   0x08000244   0x00000006   Code   RO         1241    .ARM.Collect$$rtexit$$00000004  c_w.l(rtexit2.o)
    0x0800024a   0x0800024a   0x00000002   PAD
    0x0800024c   0x0800024c   0x00000040   Code   RO            4    .text               startup_stm32f427xx.o
    0x0800028c   0x0800028c   0x000000f0   Code   RO         1130    .text               c_w.l(lludivv7m.o)
    0x0800037c   0x0800037c   0x00000064   Code   RO         1132    .text               c_w.l(rt_memcpy_w.o)
    0x080003e0   0x080003e0   0x0000004e   Code   RO         1134    .text               c_w.l(rt_memclr_w.o)
    0x0800042e   0x0800042e   0x00000006   Code   RO         1136    .text               c_w.l(heapauxi.o)
    0x08000434   0x08000434   0x0000004a   Code   RO         1162    .text               c_w.l(sys_stackheap_outer.o)
    0x0800047e   0x0800047e   0x00000012   Code   RO         1164    .text               c_w.l(exit.o)
    0x08000490   0x08000490   0x00000008   Code   RO         1176    .text               c_w.l(libspace.o)
    0x08000498   0x08000498   0x0000000c   Code   RO         1234    .text               c_w.l(sys_exit.o)
    0x080004a4   0x080004a4   0x00000002   Code   RO         1257    .text               c_w.l(use_no_semi.o)
    0x080004a6   0x080004a6   0x00000000   Code   RO         1259    .text               c_w.l(indicate_semi.o)
    0x080004a6   0x080004a6   0x00000002   PAD
    0x080004a8   0x080004a8   0x00000004   Code   RO          106    .text.BusFault_Handler  stm32f4xx_it.o
    0x080004ac   0x080004ac   0x000001fe   Code   RO           21    .text.Change_Fan    main.o
    0x080006aa   0x080006aa   0x00000002   PAD
    0x080006ac   0x080006ac   0x000000b2   Code   RO           19    .text.Change_Rotate  main.o
    0x0800075e   0x0800075e   0x00000002   PAD
    0x08000760   0x08000760   0x00000010   Code   RO          118    .text.DMA2_Stream1_IRQHandler  stm32f4xx_it.o
    0x08000770   0x08000770   0x00000010   Code   RO          120    .text.DMA2_Stream2_IRQHandler  stm32f4xx_it.o
    0x08000780   0x08000780   0x00000010   Code   RO          122    .text.DMA2_Stream3_IRQHandler  stm32f4xx_it.o
    0x08000790   0x08000790   0x00000010   Code   RO          124    .text.DMA2_Stream4_IRQHandler  stm32f4xx_it.o
    0x080007a0   0x080007a0   0x00000010   Code   RO          126    .text.DMA2_Stream5_IRQHandler  stm32f4xx_it.o
    0x080007b0   0x080007b0   0x00000010   Code   RO          128    .text.DMA2_Stream6_IRQHandler  stm32f4xx_it.o
    0x080007c0   0x080007c0   0x00000010   Code   RO          130    .text.DMA2_Stream7_IRQHandler  stm32f4xx_it.o
    0x080007d0   0x080007d0   0x00000056   Code   RO          681    .text.DMA_CalcBaseAndBitshift  stm32f4xx_hal_dma.o
    0x08000826   0x08000826   0x00000002   PAD
    0x08000828   0x08000828   0x000000f0   Code   RO          679    .text.DMA_CheckFifoParam  stm32f4xx_hal_dma.o
    0x08000918   0x08000918   0x00000050   Code   RO          687    .text.DMA_SetConfig  stm32f4xx_hal_dma.o
    0x08000968   0x08000968   0x00000002   Code   RO          112    .text.DebugMon_Handler  stm32f4xx_it.o
    0x0800096a   0x0800096a   0x00000002   PAD
    0x0800096c   0x0800096c   0x0000000e   Code   RO           23    .text.Error_Handler  main.o
    0x0800097a   0x0800097a   0x00000002   PAD
    0x0800097c   0x0800097c   0x00000098   Code   RO           15    .text.Fan_Init      main.o
    0x08000a14   0x08000a14   0x000000ec   Code   RO          691    .text.HAL_DMA_Abort  stm32f4xx_hal_dma.o
    0x08000b00   0x08000b00   0x00000044   Code   RO          693    .text.HAL_DMA_Abort_IT  stm32f4xx_hal_dma.o
    0x08000b44   0x08000b44   0x0000031e   Code   RO          697    .text.HAL_DMA_IRQHandler  stm32f4xx_hal_dma.o
    0x08000e62   0x08000e62   0x00000002   PAD
    0x08000e64   0x08000e64   0x0000016e   Code   RO          677    .text.HAL_DMA_Init  stm32f4xx_hal_dma.o
    0x08000fd2   0x08000fd2   0x00000002   PAD
    0x08000fd4   0x08000fd4   0x000000c2   Code   RO          689    .text.HAL_DMA_Start_IT  stm32f4xx_hal_dma.o
    0x08001096   0x08001096   0x00000002   PAD
    0x08001098   0x08001098   0x00000042   Code   RO          872    .text.HAL_Delay     stm32f4xx_hal.o
    0x080010da   0x080010da   0x00000002   PAD
    0x080010dc   0x080010dc   0x000003ee   Code   RO          639    .text.HAL_GPIO_Init  stm32f4xx_hal_gpio.o
    0x080014ca   0x080014ca   0x00000002   PAD
    0x080014cc   0x080014cc   0x0000002e   Code   RO          645    .text.HAL_GPIO_WritePin  stm32f4xx_hal_gpio.o
    0x080014fa   0x080014fa   0x00000002   PAD
    0x080014fc   0x080014fc   0x0000000c   Code   RO          864    .text.HAL_GetTick   stm32f4xx_hal.o
    0x08001508   0x08001508   0x0000001a   Code   RO          862    .text.HAL_IncTick   stm32f4xx_hal.o
    0x08001522   0x08001522   0x00000002   PAD
    0x08001524   0x08001524   0x00000036   Code   RO          852    .text.HAL_Init      stm32f4xx_hal.o
    0x0800155a   0x0800155a   0x00000002   PAD
    0x0800155c   0x0800155c   0x00000070   Code   RO          854    .text.HAL_InitTick  stm32f4xx_hal.o
    0x080015cc   0x080015cc   0x0000004a   Code   RO          139    .text.HAL_MspInit   stm32f4xx_hal_msp.o
    0x08001616   0x08001616   0x00000002   PAD
    0x08001618   0x08001618   0x00000014   Code   RO          793    .text.HAL_NVIC_EnableIRQ  stm32f4xx_hal_cortex.o
    0x0800162c   0x0800162c   0x00000032   Code   RO          785    .text.HAL_NVIC_SetPriority  stm32f4xx_hal_cortex.o
    0x0800165e   0x0800165e   0x00000002   PAD
    0x08001660   0x08001660   0x00000010   Code   RO          781    .text.HAL_NVIC_SetPriorityGrouping  stm32f4xx_hal_cortex.o
    0x08001670   0x08001670   0x000000be   Code   RO          768    .text.HAL_PWREx_EnableOverDrive  stm32f4xx_hal_pwr_ex.o
    0x0800172e   0x0800172e   0x00000002   PAD
    0x08001730   0x08001730   0x00000262   Code   RO          487    .text.HAL_RCC_ClockConfig  stm32f4xx_hal_rcc.o
    0x08001992   0x08001992   0x00000002   PAD
    0x08001994   0x08001994   0x0000000c   Code   RO          497    .text.HAL_RCC_GetHCLKFreq  stm32f4xx_hal_rcc.o
    0x080019a0   0x080019a0   0x00000022   Code   RO          499    .text.HAL_RCC_GetPCLK1Freq  stm32f4xx_hal_rcc.o
    0x080019c2   0x080019c2   0x00000002   PAD
    0x080019c4   0x080019c4   0x00000022   Code   RO          501    .text.HAL_RCC_GetPCLK2Freq  stm32f4xx_hal_rcc.o
    0x080019e6   0x080019e6   0x00000002   PAD
    0x080019e8   0x080019e8   0x000000e6   Code   RO          489    .text.HAL_RCC_GetSysClockFreq  stm32f4xx_hal_rcc.o
    0x08001ace   0x08001ace   0x00000002   PAD
    0x08001ad0   0x08001ad0   0x000006be   Code   RO          485    .text.HAL_RCC_OscConfig  stm32f4xx_hal_rcc.o
    0x0800218e   0x0800218e   0x00000002   PAD
    0x08002190   0x08002190   0x00000010   Code   RO          805    .text.HAL_SYSTICK_Config  stm32f4xx_hal_cortex.o
    0x080021a0   0x080021a0   0x000000b2   Code   RO          462    .text.HAL_TIMEx_ConfigBreakDeadTime  stm32f4xx_hal_tim_ex.o
    0x08002252   0x08002252   0x00000002   PAD
    0x08002254   0x08002254   0x00000122   Code   RO          460    .text.HAL_TIMEx_MasterConfigSynchronization  stm32f4xx_hal_tim_ex.o
    0x08002376   0x08002376   0x00000002   PAD
    0x08002378   0x08002378   0x0000009c   Code   RO          147    .text.HAL_TIM_Base_Init  stm32f4xx_hal_tim.o
    0x08002414   0x08002414   0x0000030a   Code   RO           66    .text.HAL_TIM_Base_MspInit  tim.o
    0x0800271e   0x0800271e   0x00000002   PAD
    0x08002720   0x08002720   0x00000184   Code   RO          339    .text.HAL_TIM_ConfigClockSource  stm32f4xx_hal_tim.o
    0x080028a4   0x080028a4   0x00000008   Code   RO          365    .text.HAL_TIM_ErrorCallback  stm32f4xx_hal_tim.o
    0x080028ac   0x080028ac   0x00000110   Code   RO           62    .text.HAL_TIM_MspPostInit  tim.o
    0x080029bc   0x080029bc   0x00000142   Code   RO          313    .text.HAL_TIM_PWM_ConfigChannel  stm32f4xx_hal_tim.o
    0x08002afe   0x08002afe   0x00000002   PAD
    0x08002b00   0x08002b00   0x0000009c   Code   RO          201    .text.HAL_TIM_PWM_Init  stm32f4xx_hal_tim.o
    0x08002b9c   0x08002b9c   0x00000008   Code   RO          203    .text.HAL_TIM_PWM_MspInit  stm32f4xx_hal_tim.o
    0x08002ba4   0x08002ba4   0x0000000e   Code   RO           25    .text.HAL_TIM_PWM_PulseFinishedCallback  main.o
    0x08002bb2   0x08002bb2   0x00000002   PAD
    0x08002bb4   0x08002bb4   0x00000008   Code   RO          361    .text.HAL_TIM_PWM_PulseFinishedHalfCpltCallback  stm32f4xx_hal_tim.o
    0x08002bbc   0x08002bbc   0x000003da   Code   RO          217    .text.HAL_TIM_PWM_Start_DMA  stm32f4xx_hal_tim.o
    0x08002f96   0x08002f96   0x00000002   PAD
    0x08002f98   0x08002f98   0x00000196   Code   RO          219    .text.HAL_TIM_PWM_Stop_DMA  stm32f4xx_hal_tim.o
    0x0800312e   0x0800312e   0x00000002   PAD
    0x08003130   0x08003130   0x0000000c   Code   RO         1035    .text.HAL_UARTEx_RxEventCallback  stm32f4xx_hal_uart.o
    0x0800313c   0x0800313c   0x000000cc   Code   RO          989    .text.HAL_UART_DMAStop  stm32f4xx_hal_uart.o
    0x08003208   0x08003208   0x00000008   Code   RO         1033    .text.HAL_UART_ErrorCallback  stm32f4xx_hal_uart.o
    0x08003210   0x08003210   0x0000009a   Code   RO          945    .text.HAL_UART_Init  stm32f4xx_hal_uart.o
    0x080032aa   0x080032aa   0x00000002   PAD
    0x080032ac   0x080032ac   0x000000fa   Code   RO           87    .text.HAL_UART_MspInit  usart.o
    0x080033a6   0x080033a6   0x00000002   PAD
    0x080033a8   0x080033a8   0x00000078   Code   RO          981    .text.HAL_UART_Receive_DMA  stm32f4xx_hal_uart.o
    0x08003420   0x08003420   0x00000008   Code   RO         1045    .text.HAL_UART_RxCpltCallback  stm32f4xx_hal_uart.o
    0x08003428   0x08003428   0x00000008   Code   RO         1047    .text.HAL_UART_RxHalfCpltCallback  stm32f4xx_hal_uart.o
    0x08003430   0x08003430   0x00000004   Code   RO          102    .text.HardFault_Handler  stm32f4xx_it.o
    0x08003434   0x08003434   0x000000aa   Code   RO           52    .text.MX_DMA_Init   dma.o
    0x080034de   0x080034de   0x00000002   PAD
    0x080034e0   0x080034e0   0x00000272   Code   RO           44    .text.MX_GPIO_Init  gpio.o
    0x08003752   0x08003752   0x00000002   PAD
    0x08003754   0x08003754   0x00000166   Code   RO           60    .text.MX_TIM1_Init  tim.o
    0x080038ba   0x080038ba   0x00000002   PAD
    0x080038bc   0x080038bc   0x00000136   Code   RO           64    .text.MX_TIM8_Init  tim.o
    0x080039f2   0x080039f2   0x00000002   PAD
    0x080039f4   0x080039f4   0x00000048   Code   RO           85    .text.MX_USART1_UART_Init  usart.o
    0x08003a3c   0x08003a3c   0x00000004   Code   RO          104    .text.MemManage_Handler  stm32f4xx_it.o
    0x08003a40   0x08003a40   0x00000004   Code   RO          100    .text.NMI_Handler   stm32f4xx_it.o
    0x08003a44   0x08003a44   0x0000006c   Code   RO          791    .text.NVIC_EncodePriority  stm32f4xx_hal_cortex.o
    0x08003ab0   0x08003ab0   0x00000002   Code   RO          114    .text.PendSV_Handler  stm32f4xx_it.o
    0x08003ab2   0x08003ab2   0x00000002   PAD
    0x08003ab4   0x08003ab4   0x00000144   Code   RO           17    .text.RC_Behavior_Update  main.o
    0x08003bf8   0x08003bf8   0x00000484   Code   RO         1096    .text.RGB_WATER     rgb.o
    0x0800407c   0x0800407c   0x00000002   Code   RO          110    .text.SVC_Handler   stm32f4xx_it.o
    0x0800407e   0x0800407e   0x00000002   PAD
    0x08004080   0x08004080   0x00000052   Code   RO          807    .text.SysTick_Config  stm32f4xx_hal_cortex.o
    0x080040d2   0x080040d2   0x00000002   PAD
    0x080040d4   0x080040d4   0x00000008   Code   RO          116    .text.SysTick_Handler  stm32f4xx_it.o
    0x080040dc   0x080040dc   0x000000ca   Code   RO           13    .text.SystemClock_Config  main.o
    0x080041a6   0x080041a6   0x00000002   PAD
    0x080041a8   0x080041a8   0x00000012   Code   RO         1074    .text.SystemInit    system_stm32f4xx.o
    0x080041ba   0x080041ba   0x00000002   PAD
    0x080041bc   0x080041bc   0x0000019a   Code   RO          151    .text.TIM_Base_SetConfig  stm32f4xx_hal_tim.o
    0x08004356   0x08004356   0x00000002   PAD
    0x08004358   0x08004358   0x00000036   Code   RO          185    .text.TIM_CCxChannelCmd  stm32f4xx_hal_tim.o
    0x0800438e   0x0800438e   0x00000002   PAD
    0x08004390   0x08004390   0x000000bc   Code   RO          195    .text.TIM_DMADelayPulseCplt  stm32f4xx_hal_tim.o
    0x0800444c   0x0800444c   0x00000074   Code   RO          197    .text.TIM_DMADelayPulseHalfCplt  stm32f4xx_hal_tim.o
    0x080044c0   0x080044c0   0x0000009a   Code   RO          171    .text.TIM_DMAError  stm32f4xx_hal_tim.o
    0x0800455a   0x0800455a   0x00000002   PAD
    0x0800455c   0x0800455c   0x00000034   Code   RO          337    .text.TIM_ETR_SetConfig  stm32f4xx_hal_tim.o
    0x08004590   0x08004590   0x0000002a   Code   RO          343    .text.TIM_ITRx_SetConfig  stm32f4xx_hal_tim.o
    0x080045ba   0x080045ba   0x00000002   PAD
    0x080045bc   0x080045bc   0x000000ea   Code   RO          295    .text.TIM_OC1_SetConfig  stm32f4xx_hal_tim.o
    0x080046a6   0x080046a6   0x00000002   PAD
    0x080046a8   0x080046a8   0x000000f4   Code   RO          297    .text.TIM_OC2_SetConfig  stm32f4xx_hal_tim.o
    0x0800479c   0x0800479c   0x000000f2   Code   RO          299    .text.TIM_OC3_SetConfig  stm32f4xx_hal_tim.o
    0x0800488e   0x0800488e   0x00000002   PAD
    0x08004890   0x08004890   0x000000a4   Code   RO          301    .text.TIM_OC4_SetConfig  stm32f4xx_hal_tim.o
    0x08004934   0x08004934   0x00000050   Code   RO          341    .text.TIM_TI1_ConfigInputStage  stm32f4xx_hal_tim.o
    0x08004984   0x08004984   0x00000052   Code   RO          345    .text.TIM_TI2_ConfigInputStage  stm32f4xx_hal_tim.o
    0x080049d6   0x080049d6   0x00000002   PAD
    0x080049d8   0x080049d8   0x0000007c   Code   RO          979    .text.UART_DMAError  stm32f4xx_hal_uart.o
    0x08004a54   0x08004a54   0x000000ee   Code   RO         1063    .text.UART_DMAReceiveCplt  stm32f4xx_hal_uart.o
    0x08004b42   0x08004b42   0x00000002   PAD
    0x08004b44   0x08004b44   0x0000002e   Code   RO         1065    .text.UART_DMARxHalfCplt  stm32f4xx_hal_uart.o
    0x08004b72   0x08004b72   0x00000002   PAD
    0x08004b74   0x08004b74   0x00000094   Code   RO          993    .text.UART_EndRxTransfer  stm32f4xx_hal_uart.o
    0x08004c08   0x08004c08   0x00000036   Code   RO          991    .text.UART_EndTxTransfer  stm32f4xx_hal_uart.o
    0x08004c3e   0x08004c3e   0x00000002   PAD
    0x08004c40   0x08004c40   0x0000013a   Code   RO          949    .text.UART_SetConfig  stm32f4xx_hal_uart.o
    0x08004d7a   0x08004d7a   0x00000002   PAD
    0x08004d7c   0x08004d7c   0x00000118   Code   RO          983    .text.UART_Start_Receive_DMA  stm32f4xx_hal_uart.o
    0x08004e94   0x08004e94   0x0000005a   Code   RO         1114    .text.USART1_IRQHandler  remote_control.o
    0x08004eee   0x08004eee   0x00000002   PAD
    0x08004ef0   0x08004ef0   0x00000004   Code   RO          108    .text.UsageFault_Handler  stm32f4xx_it.o
    0x08004ef4   0x08004ef4   0x00000096   Code   RO         1088    .text.WS2812_Init   rgb.o
    0x08004f8a   0x08004f8a   0x00000002   PAD
    0x08004f8c   0x08004f8c   0x00000394   Code   RO         1092    .text.WS2812_Send   rgb.o
    0x08005320   0x08005320   0x00000136   Code   RO         1094    .text.WS2812_Start  rgb.o
    0x08005456   0x08005456   0x00000002   PAD
    0x08005458   0x08005458   0x00000094   Code   RO         1090    .text.WS2812_uint32ToData  rgb.o
    0x080054ec   0x080054ec   0x00000030   Code   RO          795    .text.__NVIC_EnableIRQ  stm32f4xx_hal_cortex.o
    0x0800551c   0x0800551c   0x00000010   Code   RO          787    .text.__NVIC_GetPriorityGrouping  stm32f4xx_hal_cortex.o
    0x0800552c   0x0800552c   0x00000042   Code   RO          789    .text.__NVIC_SetPriority  stm32f4xx_hal_cortex.o
    0x0800556e   0x0800556e   0x00000002   PAD
    0x08005570   0x08005570   0x0000003c   Code   RO          783    .text.__NVIC_SetPriorityGrouping  stm32f4xx_hal_cortex.o
    0x080055ac   0x080055ac   0x0000000a   Code   RO         1118    .text.get_RC_ctrl_pointer  remote_control.o
    0x080055b6   0x080055b6   0x00000002   PAD
    0x080055b8   0x080055b8   0x00000050   Code   RO           11    .text.main          main.o
    0x08005608   0x08005608   0x00000024   Code   RO         1112    .text.remote_control_init  remote_control.o
    0x0800562c   0x0800562c   0x00000120   Code   RO         1116    .text.sbus_to_rc    remote_control.o
    0x0800574c   0x0800574c   0x0000001a   Code   RO         1251    x$fpl$fpinit        fz_wm.l(fpinit.o)
    0x08005766   0x08005766   0x00000010   Data   RO         1079    .rodata.AHBPrescTable  system_stm32f4xx.o
    0x08005776   0x08005776   0x00000008   Data   RO         1080    .rodata.APBPrescTable  system_stm32f4xx.o
    0x0800577e   0x0800577e   0x00000008   Data   RO          707    .rodata.DMA_CalcBaseAndBitshift.flagBitshiftOffset  stm32f4xx_hal_dma.o
    0x08005786   0x08005786   0x00000002   PAD
    0x08005788   0x08005788   0x000007d0   Data   RO         1101    .rodata.WS2812_Rst  rgb.o
    0x08005f58   0x08005f58   0x00000020   Data   RO         1312    Region$$Table       anon$$obj.o


    Execution Region RW_IRAM2 (Exec base: 0x10000000, Load base: 0x08005f88, Size: 0x00000000, Max: 0x00010000, ABSOLUTE)

    **** No section assigned to this execution region ****


    Execution Region RW_IRAM1 (Exec base: 0x20000000, Load base: 0x08005f78, Size: 0x00001200, Max: 0x00030000, ABSOLUTE)

    Exec Addr    Load Addr    Size         Type   Attr      Idx    E Section Name        Object

    0x20000000   0x08005f78   0x00000001   Data   RW           30    .data.Fan_ID        main.o
    0x20000001   0x08005f79   0x00000003   PAD
    0x20000004   0x08005f7c   0x00000004   Data   RW         1078    .data.SystemCoreClock  system_stm32f4xx.o
    0x20000008   0x08005f80   0x00000001   Data   RW           31    .data.last_rc_s_1   main.o
    0x20000009   0x08005f81   0x00000001   Data   RW          911    .data.uwTickFreq    stm32f4xx_hal.o
    0x2000000a   0x08005f82   0x00000002   PAD
    0x2000000c   0x08005f84   0x00000004   Data   RW          910    .data.uwTickPrio    stm32f4xx_hal.o
    0x20000010        -       0x00000060   Zero   RW         1177    .bss                c_w.l(libspace.o)
    0x20000070        -       0x00000005   Zero   RW           33    .bss.Fan_status     main.o
    0x20000075   0x08005f88   0x00000003   PAD
    0x20000078        -       0x00000004   Zero   RW           32    .bss.RC             main.o
    0x2000007c        -       0x00000700   Zero   RW         1098    .bss.WS2812_Data    rgb.o
    0x2000077c        -       0x00000004   Zero   RW         1102    .bss.WS2812_En      rgb.o
    0x20000780        -       0x00000004   Zero   RW         1104    .bss.WS2812_Send.ins  rgb.o
    0x20000784        -       0x00000004   Zero   RW         1103    .bss.WS2812_Send.j  rgb.o
    0x20000788        -       0x00000064   Zero   RW         1099    .bss.WS2812_SendBuf0  rgb.o
    0x200007ec        -       0x00000064   Zero   RW         1100    .bss.WS2812_SendBuf1  rgb.o
    0x20000850        -       0x00000001   Zero   RW           34    .bss.change_mode    main.o
    0x20000851   0x08005f88   0x00000003   PAD
    0x20000854        -       0x00000060   Zero   RW           72    .bss.hdma_tim1_ch1  tim.o
    0x200008b4        -       0x00000060   Zero   RW           73    .bss.hdma_tim1_ch2  tim.o
    0x20000914        -       0x00000060   Zero   RW           74    .bss.hdma_tim1_ch3  tim.o
    0x20000974        -       0x00000060   Zero   RW           75    .bss.hdma_tim1_ch4_trig_com  tim.o
    0x200009d4        -       0x00000060   Zero   RW           76    .bss.hdma_tim8_ch2  tim.o
    0x20000a34        -       0x00000060   Zero   RW           77    .bss.hdma_tim8_ch4_trig_com  tim.o
    0x20000a94        -       0x00000060   Zero   RW           92    .bss.hdma_usart1_rx  usart.o
    0x20000af4        -       0x00000048   Zero   RW           70    .bss.htim1          tim.o
    0x20000b3c        -       0x00000048   Zero   RW           71    .bss.htim8          tim.o
    0x20000b84        -       0x00000044   Zero   RW           91    .bss.huart1         usart.o
    0x20000bc8        -       0x00000005   Zero   RW           29    .bss.is_light       main.o
    0x20000bcd   0x08005f88   0x00000001   PAD
    0x20000bce        -       0x00000016   Zero   RW         1121    .bss.rc_ctrl        remote_control.o
    0x20000be4        -       0x00000001   Zero   RW           35    .bss.rotate_mode    main.o
    0x20000be5        -       0x00000012   Zero   RW         1120    .bss.sbus_rx_buffer  remote_control.o
    0x20000bf7   0x08005f88   0x00000001   PAD
    0x20000bf8        -       0x00000004   Zero   RW          912    .bss.uwTick         stm32f4xx_hal.o
    0x20000bfc   0x08005f88   0x00000004   PAD
    0x20000c00        -       0x00000200   Zero   RW            2    HEAP                startup_stm32f427xx.o
    0x20000e00        -       0x00000400   Zero   RW            1    STACK               startup_stm32f427xx.o


==============================================================================

Image component sizes


      Code (inc. data)   RO Data    RW Data    ZI Data      Debug   Object Name

       170          0          0          0          0       3484   dma.o
       626          0          0          0          0       2462   gpio.o
      1474          4          0          2         16       8398   main.o
       424          0          0          0         40       1906   remote_control.o
      2680          0       2000          0       2004       2948   rgb.o
        64         26        428          0       1536        844   startup_stm32f427xx.o
       270          0          0          5          4       7484   stm32f4xx_hal.o
       482          0          0          0          0       9559   stm32f4xx_hal_cortex.o
      2068          8          8          0          0       8480   stm32f4xx_hal_dma.o
      1052          0          0          0          0       5180   stm32f4xx_hal_gpio.o
        74          0          0          0          0       1534   stm32f4xx_hal_msp.o
       190          0          0          0          0       4461   stm32f4xx_hal_pwr_ex.o
      2646          0          0          0          0       7628   stm32f4xx_hal_rcc.o
      4500         42          0          0          0      35764   stm32f4xx_hal_tim.o
       468          0          0          0          0      15268   stm32f4xx_hal_tim_ex.o
      1718          0          0          0          0      20122   stm32f4xx_hal_uart.o
       146          0          0          0          0       1717   stm32f4xx_it.o
        18          0         24          4          0       2581   system_stm32f4xx.o
      1718          0          0          0        720       7703   tim.o
       322          0          0          0        164       6936   usart.o

    ----------------------------------------------------------------------
     21220         80       2494         16       4496     154459   Object Totals
         0          0         32          0          0          0   (incl. Generated)
       110          0          2          5         12          0   (incl. Padding)

    ----------------------------------------------------------------------

      Code (inc. data)   RO Data    RW Data    ZI Data      Debug   Library Member Name

         8          0          0          0          0         68   __main.o
         0          0          0          0          0          0   __rtentry.o
        12          0          0          0          0          0   __rtentry2.o
         6          0          0          0          0          0   __rtentry4.o
        52          8          0          0          0          0   __scatter.o
        26          0          0          0          0          0   __scatter_copy.o
        28          0          0          0          0          0   __scatter_zi.o
        18          0          0          0          0         80   exit.o
         6          0          0          0          0        152   heapauxi.o
         0          0          0          0          0          0   indicate_semi.o
         2          0          0          0          0          0   libinit.o
         6          0          0          0          0          0   libinit2.o
         2          0          0          0          0          0   libshutdown.o
         2          0          0          0          0          0   libshutdown2.o
         8          4          0          0         96         68   libspace.o
       240          0          0          0          0        100   lludivv7m.o
        78          0          0          0          0         80   rt_memclr_w.o
       100          0          0          0          0         80   rt_memcpy_w.o
         2          0          0          0          0          0   rtexit.o
        10          0          0          0          0          0   rtexit2.o
        12          4          0          0          0         68   sys_exit.o
        74          0          0          0          0         80   sys_stackheap_outer.o
         2          0          0          0          0         68   use_no_semi.o
        26          0          0          0          0        116   fpinit.o

    ----------------------------------------------------------------------
       726         16          0          0         96        960   Library Totals
         6          0          0          0          0          0   (incl. Padding)

    ----------------------------------------------------------------------

      Code (inc. data)   RO Data    RW Data    ZI Data      Debug   Library Name

       694         16          0          0         96        844   c_w.l
        26          0          0          0          0        116   fz_wm.l

    ----------------------------------------------------------------------
       726         16          0          0         96        960   Library Totals

    ----------------------------------------------------------------------

==============================================================================


      Code (inc. data)   RO Data    RW Data    ZI Data      Debug   

     21946         96       2494         16       4592     154747   Grand Totals
     21946         96       2494         16       4592     154747   ELF Image Totals
     21946         96       2494         16          0          0   ROM Totals

==============================================================================

    Total RO  Size (Code + RO Data)                24440 (  23.87kB)
    Total RW  Size (RW Data + ZI Data)              4608 (   4.50kB)
    Total ROM Size (Code + RO Data + RW Data)      24456 (  23.88kB)

==============================================================================

